Archive member included to satisfy reference by file (symbol)

/usr/lib/gcc-cross/riscv64-linux-gnu/12/../../../../riscv64-linux-gnu/lib/libc.a(libc-start.o)
                              /usr/lib/gcc-cross/riscv64-linux-gnu/12/../../../../riscv64-linux-gnu/lib/crt1.o (__libc_start_main)
/usr/lib/gcc-cross/riscv64-linux-gnu/12/../../../../riscv64-linux-gnu/lib/libc.a(check_fds.o)
                              /usr/lib/gcc-cross/riscv64-linux-gnu/12/../../../../riscv64-linux-gnu/lib/libc.a(libc-start.o) (__libc_check_standard_fds)
/usr/lib/gcc-cross/riscv64-linux-gnu/12/../../../../riscv64-linux-gnu/lib/libc.a(libc-tls.o)
                              /usr/lib/gcc-cross/riscv64-linux-gnu/12/../../../../riscv64-linux-gnu/lib/libc.a(libc-start.o) (__libc_setup_tls)
/usr/lib/gcc-cross/riscv64-linux-gnu/12/../../../../riscv64-linux-gnu/lib/libc.a(errno.o)
                              /usr/lib/gcc-cross/riscv64-linux-gnu/12/../../../../riscv64-linux-gnu/lib/libc.a(check_fds.o) (__libc_errno)
/usr/lib/gcc-cross/riscv64-linux-gnu/12/../../../../riscv64-linux-gnu/lib/libc.a(assert.o)
                              /usr/lib/gcc-cross/riscv64-linux-gnu/12/../../../../riscv64-linux-gnu/lib/libc.a(libc-start.o) (__assert_fail)
/usr/lib/gcc-cross/riscv64-linux-gnu/12/../../../../riscv64-linux-gnu/lib/libc.a(dcgettext.o)
                              /usr/lib/gcc-cross/riscv64-linux-gnu/12/../../../../riscv64-linux-gnu/lib/libc.a(assert.o) (__dcgettext)
/usr/lib/gcc-cross/riscv64-linux-gnu/12/../../../../riscv64-linux-gnu/lib/libc.a(dcigettext.o)
                              /usr/lib/gcc-cross/riscv64-linux-gnu/12/../../../../riscv64-linux-gnu/lib/libc.a(dcgettext.o) (__dcigettext)
/usr/lib/gcc-cross/riscv64-linux-gnu/12/../../../../riscv64-linux-gnu/lib/libc.a(finddomain.o)
                              /usr/lib/gcc-cross/riscv64-linux-gnu/12/../../../../riscv64-linux-gnu/lib/libc.a(dcigettext.o) (_nl_find_domain)
/usr/lib/gcc-cross/riscv64-linux-gnu/12/../../../../riscv64-linux-gnu/lib/libc.a(loadmsgcat.o)
                              /usr/lib/gcc-cross/riscv64-linux-gnu/12/../../../../riscv64-linux-gnu/lib/libc.a(dcigettext.o) (_nl_load_domain)
/usr/lib/gcc-cross/riscv64-linux-gnu/12/../../../../riscv64-linux-gnu/lib/libc.a(localealias.o)
                              /usr/lib/gcc-cross/riscv64-linux-gnu/12/../../../../riscv64-linux-gnu/lib/libc.a(finddomain.o) (_nl_expand_alias)
/usr/lib/gcc-cross/riscv64-linux-gnu/12/../../../../riscv64-linux-gnu/lib/libc.a(l10nflist.o)
                              /usr/lib/gcc-cross/riscv64-linux-gnu/12/../../../../riscv64-linux-gnu/lib/libc.a(finddomain.o) (_nl_make_l10nflist)
/usr/lib/gcc-cross/riscv64-linux-gnu/12/../../../../riscv64-linux-gnu/lib/libc.a(explodename.o)
                              /usr/lib/gcc-cross/riscv64-linux-gnu/12/../../../../riscv64-linux-gnu/lib/libc.a(finddomain.o) (_nl_explode_name)
/usr/lib/gcc-cross/riscv64-linux-gnu/12/../../../../riscv64-linux-gnu/lib/libc.a(plural.o)
                              /usr/lib/gcc-cross/riscv64-linux-gnu/12/../../../../riscv64-linux-gnu/lib/libc.a(loadmsgcat.o) (__gettext_free_exp)
/usr/lib/gcc-cross/riscv64-linux-gnu/12/../../../../riscv64-linux-gnu/lib/libc.a(plural-exp.o)
                              /usr/lib/gcc-cross/riscv64-linux-gnu/12/../../../../riscv64-linux-gnu/lib/libc.a(loadmsgcat.o) (__gettext_extract_plural)
/usr/lib/gcc-cross/riscv64-linux-gnu/12/../../../../riscv64-linux-gnu/lib/libc.a(hash-string.o)
                              /usr/lib/gcc-cross/riscv64-linux-gnu/12/../../../../riscv64-linux-gnu/lib/libc.a(dcigettext.o) (__hash_string)
/usr/lib/gcc-cross/riscv64-linux-gnu/12/../../../../riscv64-linux-gnu/lib/libc.a(setjmp.o)
                              /usr/lib/gcc-cross/riscv64-linux-gnu/12/../../../../riscv64-linux-gnu/lib/libc.a(libc-start.o) (_setjmp)
/usr/lib/gcc-cross/riscv64-linux-gnu/12/../../../../riscv64-linux-gnu/lib/libc.a(sigjmp.o)
                              /usr/lib/gcc-cross/riscv64-linux-gnu/12/../../../../riscv64-linux-gnu/lib/libc.a(setjmp.o) (__sigjmp_save)
/usr/lib/gcc-cross/riscv64-linux-gnu/12/../../../../riscv64-linux-gnu/lib/libc.a(raise.o)
                              /usr/lib/gcc-cross/riscv64-linux-gnu/12/../../../../riscv64-linux-gnu/lib/libc.a(dcigettext.o) (raise)
/usr/lib/gcc-cross/riscv64-linux-gnu/12/../../../../riscv64-linux-gnu/lib/libc.a(sigprocmask.o)
                              /usr/lib/gcc-cross/riscv64-linux-gnu/12/../../../../riscv64-linux-gnu/lib/libc.a(sigjmp.o) (__sigprocmask)
/usr/lib/gcc-cross/riscv64-linux-gnu/12/../../../../riscv64-linux-gnu/lib/libc.a(abort.o)
                              /usr/lib/gcc-cross/riscv64-linux-gnu/12/../../../../riscv64-linux-gnu/lib/libc.a(assert.o) (abort)
/usr/lib/gcc-cross/riscv64-linux-gnu/12/../../../../riscv64-linux-gnu/lib/libc.a(msort.o)
                              /usr/lib/gcc-cross/riscv64-linux-gnu/12/../../../../riscv64-linux-gnu/lib/libc.a(localealias.o) (qsort)
[...]
Memory Configuration

Name             Origin             Length             Attributes
*default*        0x0000000000000000 0xffffffffffffffff

Linker script and memory map

LOAD /usr/lib/gcc-cross/riscv64-linux-gnu/12/../../../../riscv64-linux-gnu/lib/crt1.o
LOAD /usr/lib/gcc-cross/riscv64-linux-gnu/12/crti.o
LOAD /usr/lib/gcc-cross/riscv64-linux-gnu/12/crtbeginT.o
LOAD sum.elf-sum.o
START GROUP
LOAD /usr/lib/gcc-cross/riscv64-linux-gnu/12/libgcc.a
LOAD /usr/lib/gcc-cross/riscv64-linux-gnu/12/libgcc_eh.a
LOAD /usr/lib/gcc-cross/riscv64-linux-gnu/12/../../../../riscv64-linux-gnu/lib/libc.a
END GROUP
LOAD /usr/lib/gcc-cross/riscv64-linux-gnu/12/crtend.o
LOAD /usr/lib/gcc-cross/riscv64-linux-gnu/12/crtn.o
                [!provide]                        PROVIDE (__executable_start = SEGMENT_START ("text-segment", 0x10000))
                0x00000000000101c8                . = (SEGMENT_START ("text-segment", 0x10000) + SIZEOF_HEADERS)

.interp
 *(.interp)

.note.gnu.build-id
                0x00000000000101c8       0x24
 *(.note.gnu.build-id)
 .note.gnu.build-id
                0x00000000000101c8       0x24 /usr/lib/gcc-cross/riscv64-linux-gnu/12/../../../../riscv64-linux-gnu/lib/crt1.o

.note.ABI-tag   0x00000000000101ec       0x20
 .note.ABI-tag  0x00000000000101ec       0x20 /usr/lib/gcc-cross/riscv64-linux-gnu/12/../../../../riscv64-linux-gnu/lib/crt1.o

.hash
 *(.hash)

.gnu.hash
 *(.gnu.hash)

.dynsym
 *(.dynsym)

.dynstr
 *(.dynstr)

.gnu.version
 *(.gnu.version)

.gnu.version_d
 *(.gnu.version_d)

.gnu.version_r
 *(.gnu.version_r)

.rela.dyn       0x0000000000010210      0x210
 *(.rela.init)
 *(.rela.text .rela.text.* .rela.gnu.linkonce.t.*)
 .rela.text     0x0000000000010210        0x0 /usr/lib/gcc-cross/riscv64-linux-gnu/12/../../../../riscv64-linux-gnu/lib/crt1.o
 *(.rela.fini)
 *(.rela.rodata .rela.rodata.* .rela.gnu.linkonce.r.*)
 *(.rela.data .rela.data.* .rela.gnu.linkonce.d.*)
 .rela.data.rel.ro
                0x0000000000010210        0x0 /usr/lib/gcc-cross/riscv64-linux-gnu/12/../../../../riscv64-linux-gnu/lib/crt1.o
 *(.rela.tdata .rela.tdata.* .rela.gnu.linkonce.td.*)
 *(.rela.tbss .rela.tbss.* .rela.gnu.linkonce.tb.*)
 *(.rela.ctors)
 *(.rela.dtors)
 *(.rela.got)
 .rela.got      0x0000000000010210      0x210 /usr/lib/gcc-cross/riscv64-linux-gnu/12/../../../../riscv64-linux-gnu/lib/crt1.o
 *(.rela.sdata .rela.sdata.* .rela.gnu.linkonce.s.*)
 *(.rela.sbss .rela.sbss.* .rela.gnu.linkonce.sb.*)
 *(.rela.sdata2 .rela.sdata2.* .rela.gnu.linkonce.s2.*)
 *(.rela.sbss2 .rela.sbss2.* .rela.gnu.linkonce.sb2.*)
 *(.rela.bss .rela.bss.* .rela.gnu.linkonce.b.*)
 *(.rela.ifunc)
 .rela__libc_IO_vtables
                0x0000000000010420        0x0 /usr/lib/gcc-cross/riscv64-linux-gnu/12/../../../../riscv64-linux-gnu/lib/crt1.o

.rela.plt       0x0000000000010420        0x0
 *(.rela.plt)
                0x0000000000010420                PROVIDE (__rela_iplt_start = .)
 *(.rela.iplt)
                0x0000000000010420                PROVIDE (__rela_iplt_end = .)

.init
 *(SORT_NONE(.init))

.plt
 *(.plt)
 *(.iplt)

.text           0x0000000000010420    0x40a5a
 *(.text.unlikely .text.*_unlikely .text.unlikely.*)
 .text.unlikely
                0x0000000000010420      0x124 /usr/lib/gcc-cross/riscv64-linux-gnu/12/../../../../riscv64-linux-gnu/lib/libc.a(abort.o)
                0x0000000000010420                abort
 .text.unlikely
                0x0000000000010544        0x8 /usr/lib/gcc-cross/riscv64-linux-gnu/12/../../../../riscv64-linux-gnu/lib/libc.a(init-first.o)
                0x0000000000010544                _dl_start
 *(.text.exit .text.exit.*)
 *(.text.startup .text.startup.*)
 .text.startup  0x000000000001054c        0x4 sum.elf-sum.o
                0x000000000001054c                main
 *(.text.hot .text.hot.*)
 *(SORT_BY_NAME(.text.sorted.*))
 *(.text .stub .text.* .gnu.linkonce.t.*)
 .text          0x0000000000010550       0x2e /usr/lib/gcc-cross/riscv64-linux-gnu/12/../../../../riscv64-linux-gnu/lib/crt1.o
                0x0000000000010550                _start
 .text          0x000000000001057e        0x0 /usr/lib/gcc-cross/riscv64-linux-gnu/12/crti.o
 .text          0x000000000001057e       0xb0 /usr/lib/gcc-cross/riscv64-linux-gnu/12/crtbeginT.o
 .text          0x000000000001062e        0x0 sum.elf-sum.o
 .text          0x000000000001062e      0x354 /usr/lib/gcc-cross/riscv64-linux-gnu/12/../../../../riscv64-linux-gnu/lib/libc.a(libc-start.o)
                0x00000000000106d4                __libc_start_main_impl
                0x00000000000106d4                __libc_start_main
 .text          0x0000000000010982       0xa8 /usr/lib/gcc-cross/riscv64-linux-gnu/12/../../../../riscv64-linux-gnu/lib/libc.a(check_fds.o)
                0x0000000000010a04                __libc_check_standard_fds
 .text          0x0000000000010a2a      0x1c6 /usr/lib/gcc-cross/riscv64-linux-gnu/12/../../../../riscv64-linux-gnu/lib/libc.a(libc-tls.o)
                0x0000000000010a2a                __libc_setup_tls
                0x0000000000010bdc                __tls_get_addr
 .text          0x0000000000010bf0        0x0 /usr/lib/gcc-cross/riscv64-linux-gnu/12/../../../../riscv64-linux-gnu/lib/libc.a(errno.o)
 .text          0x0000000000010bf0      0x13c /usr/lib/gcc-cross/riscv64-linux-gnu/12/../../../../riscv64-linux-gnu/lib/libc.a(assert.o)
                0x0000000000010bf0                __assert_fail_base
                0x0000000000010cf6                __assert_fail
 .text          0x0000000000010d2c        0xc /usr/lib/gcc-cross/riscv64-linux-gnu/12/../../../../riscv64-linux-gnu/lib/libc.a(dcgettext.o)
                0x0000000000010d2c                __dcgettext
                0x0000000000010d2c                dcgettext
 .text          0x0000000000010d38      0xdc0 /usr/lib/gcc-cross/riscv64-linux-gnu/12/../../../../riscv64-linux-gnu/lib/libc.a(dcigettext.o)
                0x0000000000010ee0                _nl_find_msg
                0x0000000000011576                __dcigettext
 .text          0x0000000000011af8      0x190 /usr/lib/gcc-cross/riscv64-linux-gnu/12/../../../../riscv64-linux-gnu/lib/libc.a(finddomain.o)
                0x0000000000011af8                _nl_find_domain
 .text          0x0000000000011c88     0x115c /usr/lib/gcc-cross/riscv64-linux-gnu/12/../../../../riscv64-linux-gnu/lib/libc.a(loadmsgcat.o)
                0x0000000000011c88                _nl_load_domain
 .text          0x0000000000012de4      0x516 /usr/lib/gcc-cross/riscv64-linux-gnu/12/../../../../riscv64-linux-gnu/lib/libc.a(localealias.o)
                0x00000000000131a6                _nl_expand_alias
 .text          0x00000000000132fa      0x4d2 /usr/lib/gcc-cross/riscv64-linux-gnu/12/../../../../riscv64-linux-gnu/lib/libc.a(l10nflist.o)
                0x00000000000132fa                _nl_make_l10nflist
                0x00000000000136d0                _nl_normalize_codeset
 .text          0x00000000000137cc      0x17a /usr/lib/gcc-cross/riscv64-linux-gnu/12/../../../../riscv64-linux-gnu/lib/libc.a(explodename.o)
                0x00000000000137cc                _nl_explode_name
 .text          0x0000000000013946      0x71e /usr/lib/gcc-cross/riscv64-linux-gnu/12/../../../../riscv64-linux-gnu/lib/libc.a(plural.o)
                0x0000000000013946                __gettext_free_exp
                0x0000000000013990                __gettextparse
 .text          0x0000000000014064       0xda /usr/lib/gcc-cross/riscv64-linux-gnu/12/../../../../riscv64-linux-gnu/lib/libc.a(plural-exp.o)
                0x0000000000014064                __gettext_extract_plural
 .text          0x000000000001413e       0x44 /usr/lib/gcc-cross/riscv64-linux-gnu/12/../../../../riscv64-linux-gnu/lib/libc.a(hash-string.o)
                0x000000000001413e                __hash_string
 *fill*         0x0000000000014182        0x2 
 .text          0x0000000000014184       0x6c /usr/lib/gcc-cross/riscv64-linux-gnu/12/../../../../riscv64-linux-gnu/lib/libc.a(setjmp.o)
                0x0000000000014184                __GI__setjmp
                0x0000000000014184                _setjmp
                0x0000000000014188                setjmp
                0x000000000001418c                __sigsetjmp
 .text          0x00000000000141f0       0x36 /usr/lib/gcc-cross/riscv64-linux-gnu/12/../../../../riscv64-linux-gnu/lib/libc.a(sigjmp.o)
                0x00000000000141f0                __sigjmp_save
 .text          0x0000000000014226       0x2c /usr/lib/gcc-cross/riscv64-linux-gnu/12/../../../../riscv64-linux-gnu/lib/libc.a(raise.o)
                0x0000000000014226                gsignal
                0x0000000000014226                raise
 .text          0x0000000000014252       0x20 /usr/lib/gcc-cross/riscv64-linux-gnu/12/../../../../riscv64-linux-gnu/lib/libc.a(sigprocmask.o)
                0x0000000000014252                __sigprocmask
                0x0000000000014252                sigprocmask
 .text          0x0000000000014272        0x0 /usr/lib/gcc-cross/riscv64-linux-gnu/12/../../../../riscv64-linux-gnu/lib/libc.a(abort.o)
 .text          0x0000000000014272      0x444 /usr/lib/gcc-cross/riscv64-linux-gnu/12/../../../../riscv64-linux-gnu/lib/libc.a(msort.o)
                0x0000000000014450                __qsort_r
                0x0000000000014450                qsort_r
                0x00000000000146b2                qsort
 .text          0x00000000000146b6       0xd8 /usr/lib/gcc-cross/riscv64-linux-gnu/12/../../../../riscv64-linux-gnu/lib/libc.a(getenv.o)
                0x00000000000146b6                getenv
 .text          0x000000000001478e      0x1f2 /usr/lib/gcc-cross/riscv64-linux-gnu/12/../../../../riscv64-linux-gnu/lib/libc.a(exit.o)
                0x000000000001478e                __run_exit_handlers
                0x000000000001496c                exit
 .text          0x0000000000014980      0x182 /usr/lib/gcc-cross/riscv64-linux-gnu/12/../../../../riscv64-linux-gnu/lib/libc.a(cxa_atexit.o)
                0x0000000000014980                __new_exitfn
                0x0000000000014a3e                __internal_atexit
                0x0000000000014af8                __cxa_atexit
 .text          0x0000000000014b02       0x1e /usr/lib/gcc-cross/riscv64-linux-gnu/12/../../../../riscv64-linux-gnu/lib/libc.a(strtoul.o)
                0x0000000000014b02                __strtoull_internal
                0x0000000000014b02                __strtoul_internal
                0x0000000000014b10                strtoumax
                0x0000000000014b10                strtoul
                0x0000000000014b10                strtoull
                0x0000000000014b10                strtouq
                0x0000000000014b10                __strtoul
 .text          0x0000000000014b20      0x354 /usr/lib/gcc-cross/riscv64-linux-gnu/12/../../../../riscv64-linux-gnu/lib/libc.a(strtoul_l.o)
                0x0000000000014b20                ____strtoul_l_internal
                0x0000000000014b20                ____strtoull_l_internal
                0x0000000000014e6e                __strtoull_l
                0x0000000000014e6e                strtoull_l
                0x0000000000014e6e                strtoul_l
                0x0000000000014e6e                __strtoul_l
 .text          0x0000000000014e74      0x180 /usr/lib/gcc-cross/riscv64-linux-gnu/12/../../../../riscv64-linux-gnu/lib/libc.a(grouping.o)
                0x0000000000014e74                __correctly_grouped_prefixmb
 .text          0x0000000000014ff4       0x44 /usr/lib/gcc-cross/riscv64-linux-gnu/12/../../../../riscv64-linux-gnu/lib/libc.a(asprintf.o)
                0x0000000000014ff4                __asprintf
                0x0000000000014ff4                asprintf
                0x0000000000014ff4                ___asprintf
 .text          0x0000000000015038      0x2dc /usr/lib/gcc-cross/riscv64-linux-gnu/12/../../../../riscv64-linux-gnu/lib/libc.a(fxprintf.o)
                0x0000000000015158                __vfxprintf
                0x00000000000151f8                __fxprintf
                0x000000000001523c                __fxprintf_nocancel
 .text          0x0000000000015314      0x1cc /usr/lib/gcc-cross/riscv64-linux-gnu/12/../../../../riscv64-linux-gnu/lib/libc.a(iofclose.o)
                0x0000000000015314                _IO_fclose
                0x0000000000015314                _IO_new_fclose
                0x0000000000015314                fclose
                0x0000000000015314                __new_fclose
 .text          0x00000000000154e0       0xe8 /usr/lib/gcc-cross/riscv64-linux-gnu/12/../../../../riscv64-linux-gnu/lib/libc.a(iofflush.o)
                0x00000000000154e0                _IO_fflush
                0x00000000000154e0                fflush
 .text          0x00000000000155c8       0xfc /usr/lib/gcc-cross/riscv64-linux-gnu/12/../../../../riscv64-linux-gnu/lib/libc.a(iofopen.o)
                0x00000000000155c8                __fopen_maybe_mmap
                0x0000000000015600                __fopen_internal
                0x00000000000156c0                _IO_fopen64
                0x00000000000156c0                _IO_new_fopen
                0x00000000000156c0                fopen
                0x00000000000156c0                _IO_fopen
                0x00000000000156c0                __new_fopen
                0x00000000000156c0                fopen64
 .text          0x00000000000156c4     0x10be /usr/lib/gcc-cross/riscv64-linux-gnu/12/../../../../riscv64-linux-gnu/lib/libc.a(wfileops.o)
                0x00000000000156c4                _IO_wfile_underflow
                0x0000000000015bf8                _IO_wfile_seekoff
                0x0000000000016252                _IO_wdo_write
                0x00000000000163ac                _IO_wfile_overflow
                0x000000000001657e                _IO_wfile_sync
                0x0000000000016682                _IO_wfile_xsputn
 .text          0x0000000000016782      0x336 /usr/lib/gcc-cross/riscv64-linux-gnu/12/../../../../riscv64-linux-gnu/lib/libc.a(iofwide.o)
                0x0000000000016782                _IO_fwide
                0x00000000000168b4                __libio_codecvt_out
                0x000000000001695c                __libio_codecvt_in
                0x0000000000016a04                __libio_codecvt_encoding
                0x0000000000016a1a                __libio_codecvt_length
 .text          0x0000000000016ab8      0x118 /usr/lib/gcc-cross/riscv64-linux-gnu/12/../../../../riscv64-linux-gnu/lib/libc.a(vasprintf.o)
                0x0000000000016ab8                __vasprintf_internal
                0x0000000000016bcc                __vasprintf
                0x0000000000016bcc                vasprintf
 .text          0x0000000000016bd0      0x1fe /usr/lib/gcc-cross/riscv64-linux-gnu/12/../../../../riscv64-linux-gnu/lib/libc.a(libc_fatal.o)
                0x0000000000016bd0                __libc_message
                0x0000000000016db0                __libc_fatal
 .text          0x0000000000016dce       0x1c /usr/lib/gcc-cross/riscv64-linux-gnu/12/../../../../riscv64-linux-gnu/lib/libc.a(vtables.o)
                0x0000000000016dce                _IO_vtable_check
 .text          0x0000000000016dea       0x82 /usr/lib/gcc-cross/riscv64-linux-gnu/12/../../../../riscv64-linux-gnu/lib/libc.a(iofgets_u.o)
                0x0000000000016dea                __fgets_unlocked
                0x0000000000016dea                fgets_unlocked
 .text          0x0000000000016e6c     0x1962 /usr/lib/gcc-cross/riscv64-linux-gnu/12/../../../../riscv64-linux-gnu/lib/libc.a(fileops.o)
                0x0000000000016eba                _IO_file_close
                0x0000000000016ec0                _IO_file_setbuf
                0x0000000000016ec0                _IO_new_file_setbuf
                0x0000000000016fdc                _IO_file_underflow
                0x0000000000016fdc                _IO_new_file_underflow
                0x0000000000017222                _IO_file_close_mmap
                0x00000000000173ac                _IO_file_seek
                0x000000000001752a                _IO_file_underflow_maybe_mmap
                0x00000000000175c6                _IO_file_seekoff
                0x00000000000175c6                _IO_new_file_seekoff
                0x0000000000017962                _IO_file_stat
                0x0000000000017968                _IO_file_write
                0x0000000000017968                _IO_new_file_write
                0x0000000000017ad6                _IO_file_xsgetn
                0x0000000000017c30                _IO_file_seekoff_mmap
                0x0000000000017cf6                _IO_file_underflow_mmap
                0x0000000000017d66                _IO_new_file_xsputn
                0x0000000000017d66                _IO_file_xsputn
                0x0000000000017ea0                _IO_file_read
                0x0000000000017eb0                _IO_file_setbuf_mmap
                0x0000000000017f0a                _IO_new_file_init_internal
                0x0000000000017f34                _IO_new_file_init
                0x0000000000017f34                _IO_file_init
                0x0000000000017f5e                _IO_file_open
                0x000000000001801a                _IO_new_file_attach
                0x000000000001801a                _IO_file_attach
                0x00000000000180b0                _IO_new_do_write
                0x00000000000180b0                _IO_do_write
                0x00000000000180d6                _IO_new_file_close_it
                0x00000000000180d6                _IO_file_close_it
                0x00000000000181f2                _IO_new_file_fopen
                0x00000000000181f2                _IO_file_fopen
                0x0000000000018568                _IO_file_finish
                0x0000000000018568                _IO_new_file_finish
                0x00000000000185dc                _IO_file_overflow
                0x00000000000185dc                _IO_new_file_overflow
                0x000000000001872e                _IO_file_sync
                0x000000000001872e                _IO_new_file_sync
 .text          0x00000000000187ce     0x1858 /usr/lib/gcc-cross/riscv64-linux-gnu/12/../../../../riscv64-linux-gnu/lib/libc.a(genops.o)
                0x0000000000018b30                _IO_un_link
                0x0000000000018b3c                _IO_link_in
                0x0000000000018cac                _IO_least_marker
                0x0000000000018cc4                _IO_switch_to_main_get_area
                0x0000000000018ce0                _IO_switch_to_backup_area
                0x0000000000018cfc                _IO_switch_to_get_mode
                0x0000000000018d76                _IO_free_backup_area
                0x0000000000018db2                __overflow
                0x0000000000018e00                __underflow
                0x0000000000018eec                __uflow
                0x0000000000018fe4                _IO_setb
                0x000000000001902e                _IO_doallocbuf
                0x00000000000190bc                _IO_default_underflow
                0x00000000000190c0                _IO_default_uflow
                0x000000000001910e                _IO_default_xsputn
                0x00000000000191e8                _IO_sgetn
                0x000000000001922e                _IO_default_xsgetn
                0x00000000000192c6                _IO_default_setbuf
                0x0000000000019376                _IO_default_seekpos
                0x00000000000193c2                _IO_default_doallocate
                0x0000000000019416                _IO_init_internal
                0x000000000001947e                _IO_init
                0x00000000000194e6                _IO_enable_locks
                0x000000000001950a                _IO_old_init
                0x0000000000019566                _IO_no_init
                0x000000000001960e                _IO_default_sync
                0x0000000000019612                _IO_default_finish
                0x0000000000019666                _IO_default_seekoff
                0x000000000001966a                _IO_sputbackc
                0x00000000000196d2                _IO_sungetc
                0x0000000000019738                _IO_adjust_column
                0x000000000001975c                _IO_flush_all_lockp
                0x000000000001993e                _IO_cleanup
                0x0000000000019b5a                _IO_flush_all
                0x0000000000019b5e                _IO_flush_all_linebuffered
                0x0000000000019b5e                _flushlbf
                0x0000000000019d1a                _IO_init_marker
                0x0000000000019d64                _IO_remove_marker
                0x0000000000019d86                _IO_marker_difference
                0x0000000000019d8e                _IO_marker_delta
                0x0000000000019db8                _IO_seekmark
                0x0000000000019e1a                _IO_unsave_markers
                0x0000000000019e62                _IO_default_pbackfail
                0x0000000000019f78                _IO_default_seek
                0x0000000000019f7c                _IO_default_stat
                0x0000000000019f80                _IO_default_read
                0x0000000000019f84                _IO_default_write
                0x0000000000019f88                _IO_default_showmanyc
                0x0000000000019f8c                _IO_default_imbue
                0x0000000000019f8e                _IO_iter_begin
                0x0000000000019f98                _IO_iter_end
                0x0000000000019f9c                _IO_iter_next
                0x0000000000019fa0                _IO_iter_file
                0x0000000000019fa2                _IO_list_lock
                0x0000000000019fe8                _IO_list_unlock
                0x000000000001a018                _IO_list_resetlock
 .text          0x000000000001a026        0x0 /usr/lib/gcc-cross/riscv64-linux-gnu/12/../../../../riscv64-linux-gnu/lib/libc.a(stdfiles.o)
 .text          0x000000000001a026        0x0 /usr/lib/gcc-cross/riscv64-linux-gnu/12/../../../../riscv64-linux-gnu/lib/libc.a(stdio.o)
 .text          0x000000000001a026      0x5de /usr/lib/gcc-cross/riscv64-linux-gnu/12/../../../../riscv64-linux-gnu/lib/libc.a(strops.o)
                0x000000000001a026                _IO_str_underflow
                0x000000000001a064                _IO_str_overflow
                0x000000000001a2cc                _IO_str_seekoff
                0x000000000001a44a                _IO_str_pbackfail
                0x000000000001a45e                _IO_str_finish
                0x000000000001a498                _IO_str_init_static_internal
                0x000000000001a510                _IO_str_init_static
                0x000000000001a590                _IO_str_init_readonly
                0x000000000001a5f2                _IO_str_count
 .text          0x000000000001a604       0x1e /usr/lib/gcc-cross/riscv64-linux-gnu/12/../../../../riscv64-linux-gnu/lib/libc.a(alloca_cutoff.o)
                0x000000000001a604                __libc_alloca_cutoff
 .text          0x000000000001a622       0x2e /usr/lib/gcc-cross/riscv64-linux-gnu/12/../../../../riscv64-linux-gnu/lib/libc.a(libc-cleanup.o)
                0x000000000001a622                __libc_cleanup_push_defer
                0x000000000001a638                __libc_cleanup_pop_restore
 .text          0x000000000001a650       0xce /usr/lib/gcc-cross/riscv64-linux-gnu/12/../../../../riscv64-linux-gnu/lib/libc.a(lowlevellock.o)
                0x000000000001a650                __lll_lock_wait_private
                0x000000000001a6a4                __lll_lock_wait
                0x000000000001a6fa                __lll_lock_wake_private
                0x000000000001a70c                __lll_lock_wake
 .text          0x000000000001a71e       0xd6 /usr/lib/gcc-cross/riscv64-linux-gnu/12/../../../../riscv64-linux-gnu/lib/libc.a(nptl_deallocate_tsd.o)
                0x000000000001a71e                __nptl_deallocate_tsd
 .text          0x000000000001a7f4        0x0 /usr/lib/gcc-cross/riscv64-linux-gnu/12/../../../../riscv64-linux-gnu/lib/libc.a(nptl_nthreads.o)
 .text          0x000000000001a7f4        0x0 /usr/lib/gcc-cross/riscv64-linux-gnu/12/../../../../riscv64-linux-gnu/lib/libc.a(pthread_keys.o)
 .text          0x000000000001a7f4      0x118 /usr/lib/gcc-cross/riscv64-linux-gnu/12/../../../../riscv64-linux-gnu/lib/libc.a(pthread_kill.o)
                0x000000000001a8fa                __pthread_kill_internal
                0x000000000001a8fc                pthread_kill
                0x000000000001a8fc                __pthread_kill
 .text          0x000000000001a90c       0x38 /usr/lib/gcc-cross/riscv64-linux-gnu/12/../../../../riscv64-linux-gnu/lib/libc.a(pthread_rwlock_init.o)
                0x000000000001a90c                pthread_rwlock_init
                0x000000000001a90c                __pthread_rwlock_init
                0x000000000001a90c                ___pthread_rwlock_init
 .text          0x000000000001a944      0x1fa /usr/lib/gcc-cross/riscv64-linux-gnu/12/../../../../riscv64-linux-gnu/lib/libc.a(pthread_rwlock_rdlock.o)
                0x000000000001a944                pthread_rwlock_rdlock
                0x000000000001a944                __pthread_rwlock_rdlock
                0x000000000001a944                ___pthread_rwlock_rdlock
 .text          0x000000000001ab3e      0x1a6 /usr/lib/gcc-cross/riscv64-linux-gnu/12/../../../../riscv64-linux-gnu/lib/libc.a(pthread_rwlock_unlock.o)
                0x000000000001ab3e                pthread_rwlock_unlock
                0x000000000001ab3e                __pthread_rwlock_unlock
                0x000000000001ab3e                ___pthread_rwlock_unlock
 .text          0x000000000001ace4      0x390 /usr/lib/gcc-cross/riscv64-linux-gnu/12/../../../../riscv64-linux-gnu/lib/libc.a(pthread_rwlock_wrlock.o)
                0x000000000001ace4                ___pthread_rwlock_wrlock
                0x000000000001ace4                __pthread_rwlock_wrlock
                0x000000000001ace4                pthread_rwlock_wrlock
 .text          0x000000000001b074        0x6 /usr/lib/gcc-cross/riscv64-linux-gnu/12/../../../../riscv64-linux-gnu/lib/libc.a(pthread_self.o)
                0x000000000001b074                pthread_self
                0x000000000001b074                __pthread_self
 .text          0x000000000001b07a       0x20 /usr/lib/gcc-cross/riscv64-linux-gnu/12/../../../../riscv64-linux-gnu/lib/libc.a(pthread_setcancelstate.o)
                0x000000000001b07a                __pthread_setcancelstate
                0x000000000001b07a                pthread_setcancelstate
 .text          0x000000000001b09a       0x98 /usr/lib/gcc-cross/riscv64-linux-gnu/12/../../../../riscv64-linux-gnu/lib/libc.a(pthread_sigmask.o)
                0x000000000001b09a                __pthread_sigmask
                0x000000000001b09a                pthread_sigmask
 .text          0x000000000001b132       0x38 /usr/lib/gcc-cross/riscv64-linux-gnu/12/../../../../riscv64-linux-gnu/lib/libc.a(pthread_testcancel.o)
                0x000000000001b132                ___pthread_testcancel
                0x000000000001b132                pthread_testcancel
                0x000000000001b132                __pthread_testcancel
 .text          0x000000000001b16a     0x4746 /usr/lib/gcc-cross/riscv64-linux-gnu/12/../../../../riscv64-linux-gnu/lib/libc.a(malloc.o)
                0x000000000001e2aa                __glibc_morecore
                0x000000000001e2d4                __malloc_fork_lock_parent
                0x000000000001e354                __malloc_fork_unlock_parent
                0x000000000001e3e8                __malloc_fork_unlock_child
                0x000000000001e458                malloc
                0x000000000001e458                __malloc
                0x000000000001e458                __libc_malloc
                0x000000000001e8b6                __free
                0x000000000001e8b6                __libc_free
                0x000000000001e8b6                free
                0x000000000001e974                __malloc_arena_thread_freeres
                0x000000000001ea74                __libc_realloc
                0x000000000001ea74                realloc
                0x000000000001ea74                __realloc
                0x000000000001ee16                __libc_memalign
                0x000000000001ee16                __memalign
                0x000000000001ee16                memalign
                0x000000000001ee16                aligned_alloc
                0x000000000001ee38                __libc_valloc
                0x000000000001ee38                valloc
                0x000000000001ee38                __valloc
                0x000000000001ee6c                pvalloc
                0x000000000001ee6c                __libc_pvalloc
                0x000000000001ee6c                __pvalloc
                0x000000000001eebe                __calloc
                0x000000000001eebe                calloc
                0x000000000001eebe                __libc_calloc
                0x000000000001f158                __malloc_trim
                0x000000000001f158                malloc_trim
                0x000000000001f37a                malloc_usable_size
                0x000000000001f37a                __malloc_usable_size
                0x000000000001f3a2                __mallinfo2
                0x000000000001f3a2                mallinfo2
                0x000000000001f3a2                __libc_mallinfo2
                0x000000000001f4aa                __mallinfo
                0x000000000001f4aa                __libc_mallinfo
                0x000000000001f4aa                mallinfo
                0x000000000001f512                malloc_stats
                0x000000000001f512                __malloc_stats
                0x000000000001f6d0                __libc_mallopt
                0x000000000001f6d0                mallopt
                0x000000000001f6d0                __mallopt
                0x000000000001f822                __posix_memalign
                0x000000000001f822                posix_memalign
                0x000000000001f878                __malloc_info
                0x000000000001f878                malloc_info
 .text          0x000000000001f8b0       0xd8 /usr/lib/gcc-cross/riscv64-linux-gnu/12/../../../../riscv64-linux-gnu/lib/libc.a(strchr.o)
                0x000000000001f8b0                index
                0x000000000001f8b0                strchr
 .text          0x000000000001f988       0x1e /usr/lib/gcc-cross/riscv64-linux-gnu/12/../../../../riscv64-linux-gnu/lib/libc.a(strcmp.o)
                0x000000000001f988                strcmp
 .text          0x000000000001f9a6       0x26 /usr/lib/gcc-cross/riscv64-linux-gnu/12/../../../../riscv64-linux-gnu/lib/libc.a(strcpy.o)
                0x000000000001f9a6                strcpy
 .text          0x000000000001f9cc      0x12e /usr/lib/gcc-cross/riscv64-linux-gnu/12/../../../../riscv64-linux-gnu/lib/libc.a(strcspn.o)
                0x000000000001f9cc                strcspn
 .text          0x000000000001fafa       0x34 /usr/lib/gcc-cross/riscv64-linux-gnu/12/../../../../riscv64-linux-gnu/lib/libc.a(strdup.o)
                0x000000000001fafa                __strdup
                0x000000000001fafa                strdup
 .text          0x000000000001fb2e       0xb2 /usr/lib/gcc-cross/riscv64-linux-gnu/12/../../../../riscv64-linux-gnu/lib/libc.a(strlen.o)
                0x000000000001fb2e                strlen
 .text          0x000000000001fbe0       0x92 /usr/lib/gcc-cross/riscv64-linux-gnu/12/../../../../riscv64-linux-gnu/lib/libc.a(strncmp.o)
                0x000000000001fbe0                strncmp
 .text          0x000000000001fc72      0x5ca /usr/lib/gcc-cross/riscv64-linux-gnu/12/../../../../riscv64-linux-gnu/lib/libc.a(strstr.o)
                0x000000000001fff4                strstr
 .text          0x000000000002023c      0x33e /usr/lib/gcc-cross/riscv64-linux-gnu/12/../../../../riscv64-linux-gnu/lib/libc.a(memcmp.o)
                0x000000000002023c                bcmp
                0x000000000002023c                __memcmpeq
                0x000000000002023c                memcmp
 .text          0x000000000002057a      0x124 /usr/lib/gcc-cross/riscv64-linux-gnu/12/../../../../riscv64-linux-gnu/lib/libc.a(memmove.o)
                0x000000000002057a                memmove
 .text          0x000000000002069e       0xaa /usr/lib/gcc-cross/riscv64-linux-gnu/12/../../../../riscv64-linux-gnu/lib/libc.a(memset.o)
                0x000000000002069e                memset
 .text          0x0000000000020748       0x30 /usr/lib/gcc-cross/riscv64-linux-gnu/12/../../../../riscv64-linux-gnu/lib/libc.a(stpcpy.o)
                0x0000000000020748                stpcpy
                0x0000000000020748                __stpcpy
 .text          0x0000000000020778       0x32 /usr/lib/gcc-cross/riscv64-linux-gnu/12/../../../../riscv64-linux-gnu/lib/libc.a(strcasecmp_l.o)
                0x0000000000020778                strcasecmp_l
                0x0000000000020778                __strcasecmp_l
 .text          0x00000000000207aa       0x94 /usr/lib/gcc-cross/riscv64-linux-gnu/12/../../../../riscv64-linux-gnu/lib/libc.a(memcpy.o)
                0x00000000000207aa                memcpy
 .text          0x000000000002083e      0x366 /usr/lib/gcc-cross/riscv64-linux-gnu/12/../../../../riscv64-linux-gnu/lib/libc.a(wordcopy.o)
                0x000000000002083e                _wordcopy_fwd_aligned
                0x0000000000020924                _wordcopy_fwd_dest_aligned
                0x0000000000020a1e                _wordcopy_bwd_aligned
                0x0000000000020ad8                _wordcopy_bwd_dest_aligned
 .text          0x0000000000020ba4       0x1e /usr/lib/gcc-cross/riscv64-linux-gnu/12/../../../../riscv64-linux-gnu/lib/libc.a(rawmemchr.o)
                0x0000000000020ba4                __rawmemchr
                0x0000000000020ba4                rawmemchr
 .text          0x0000000000020bc2       0xd6 /usr/lib/gcc-cross/riscv64-linux-gnu/12/../../../../riscv64-linux-gnu/lib/libc.a(strchrnul.o)
                0x0000000000020bc2                __strchrnul
                0x0000000000020bc2                strchrnul
 .text          0x0000000000020c98       0x1a /usr/lib/gcc-cross/riscv64-linux-gnu/12/../../../../riscv64-linux-gnu/lib/libc.a(wmempcpy.o)
                0x0000000000020c98                wmempcpy
                0x0000000000020c98                __wmempcpy
 .text          0x0000000000020cb2       0x26 /usr/lib/gcc-cross/riscv64-linux-gnu/12/../../../../riscv64-linux-gnu/lib/libc.a(mbsrtowcs.o)
                0x0000000000020cb2                mbsrtowcs
                0x0000000000020cb2                __mbsrtowcs
 .text          0x0000000000020cd8      0x40a /usr/lib/gcc-cross/riscv64-linux-gnu/12/../../../../riscv64-linux-gnu/lib/libc.a(wcsmbsload.o)
                0x0000000000020cd8                _nl_cleanup_ctype
                0x0000000000020d10                __wcsmbs_getfct
                0x0000000000020d64                __wcsmbs_load_conv
                0x0000000000020f48                __wcsmbs_clone_conv
                0x0000000000021026                __wcsmbs_named_conv
 .text          0x00000000000210e2      0x26e /usr/lib/gcc-cross/riscv64-linux-gnu/12/../../../../riscv64-linux-gnu/lib/libc.a(mbsrtowcs_l.o)
                0x00000000000210e2                __mbsrtowcs_l
 .text          0x0000000000021350       0x70 /usr/lib/gcc-cross/riscv64-linux-gnu/12/../../../../riscv64-linux-gnu/lib/libc.a(clock_gettime.o)
                0x0000000000021350                clock_gettime
                0x0000000000021350                __clock_gettime
 .text          0x00000000000213c0       0x44 /usr/lib/gcc-cross/riscv64-linux-gnu/12/../../../../riscv64-linux-gnu/lib/libc.a(_exit.o)
                0x00000000000213c0                _Exit
                0x00000000000213c0                _exit
 *fill*         0x0000000000021404        0x0 
 .text          0x0000000000021404        0xc /usr/lib/gcc-cross/riscv64-linux-gnu/12/../../../../riscv64-linux-gnu/lib/libc.a(getpid.o)
                0x0000000000021404                __getpid
                0x0000000000021404                getpid
 .text          0x0000000000021410      0x538 /usr/lib/gcc-cross/riscv64-linux-gnu/12/../../../../riscv64-linux-gnu/lib/libc.a(sysconf.o)
                0x0000000000021410                sysconf
                0x0000000000021410                __sysconf
 *fill*         0x0000000000021948        0x0 
 .text          0x0000000000021948       0x18 /usr/lib/gcc-cross/riscv64-linux-gnu/12/../../../../riscv64-linux-gnu/lib/libc.a(sched_yield.o)
                0x0000000000021948                __sched_yield
                0x0000000000021948                sched_yield
 .text          0x0000000000021960       0x40 /usr/lib/gcc-cross/riscv64-linux-gnu/12/../../../../riscv64-linux-gnu/lib/libc.a(get_child_max.o)
                0x0000000000021960                __get_child_max
 .text          0x00000000000219a0        0x0 /usr/lib/gcc-cross/riscv64-linux-gnu/12/../../../../riscv64-linux-gnu/lib/libc.a(environ.o)
 .text          0x00000000000219a0       0x24 /usr/lib/gcc-cross/riscv64-linux-gnu/12/../../../../riscv64-linux-gnu/lib/libc.a(fstat64.o)
                0x00000000000219a0                fstat64
                0x00000000000219a0                fstat
                0x00000000000219a0                __fstat64
                0x00000000000219a0                __fstat
 .text          0x00000000000219c4       0x2a /usr/lib/gcc-cross/riscv64-linux-gnu/12/../../../../riscv64-linux-gnu/lib/libc.a(fstatat64.o)
                0x00000000000219c4                fstatat
                0x00000000000219c4                __fstatat
                0x00000000000219c4                fstatat64
                0x00000000000219c4                __fstatat64
                0x00000000000219c4                __GI___fstatat
 .text          0x00000000000219ee       0xd6 /usr/lib/gcc-cross/riscv64-linux-gnu/12/../../../../riscv64-linux-gnu/lib/libc.a(open64.o)
                0x00000000000219ee                __open
                0x00000000000219ee                __libc_open64
                0x00000000000219ee                __libc_open
                0x00000000000219ee                open64
                0x00000000000219ee                open
                0x00000000000219ee                __open64
 .text          0x0000000000021ac4       0x8c /usr/lib/gcc-cross/riscv64-linux-gnu/12/../../../../riscv64-linux-gnu/lib/libc.a(read.o)
                0x0000000000021ac4                __read
                0x0000000000021ac4                __libc_read
                0x0000000000021ac4                read
 .text          0x0000000000021b50       0x8c /usr/lib/gcc-cross/riscv64-linux-gnu/12/../../../../riscv64-linux-gnu/lib/libc.a(write.o)
                0x0000000000021b50                __write
                0x0000000000021b50                write
                0x0000000000021b50                __libc_write
 .text          0x0000000000021bdc       0x24 /usr/lib/gcc-cross/riscv64-linux-gnu/12/../../../../riscv64-linux-gnu/lib/libc.a(lseek64.o)
                0x0000000000021bdc                __lseek64
                0x0000000000021bdc                lseek
                0x0000000000021bdc                __libc_lseek64
                0x0000000000021bdc                __lseek
                0x0000000000021bdc                __libc_lseek
                0x0000000000021bdc                lseek64
 .text          0x0000000000021c00      0x468 /usr/lib/gcc-cross/riscv64-linux-gnu/12/../../../../riscv64-linux-gnu/lib/libc.a(getcwd.o)
                0x0000000000021c00                __getcwd
                0x0000000000021c00                getcwd
 .text          0x0000000000022068       0x26 /usr/lib/gcc-cross/riscv64-linux-gnu/12/../../../../riscv64-linux-gnu/lib/libc.a(close_nocancel.o)
                0x0000000000022068                __close_nocancel
 .text          0x000000000002208e      0x11c /usr/lib/gcc-cross/riscv64-linux-gnu/12/../../../../riscv64-linux-gnu/lib/libc.a(fcntl_nocancel.o)
                0x000000000002208e                __fcntl64_nocancel
                0x0000000000022126                __fcntl64_nocancel_adjusted
 .text          0x00000000000221aa       0x96 /usr/lib/gcc-cross/riscv64-linux-gnu/12/../../../../riscv64-linux-gnu/lib/libc.a(open64_nocancel.o)
                0x00000000000221aa                __open_nocancel
                0x00000000000221aa                __open64_nocancel
 .text          0x0000000000022240       0x24 /usr/lib/gcc-cross/riscv64-linux-gnu/12/../../../../riscv64-linux-gnu/lib/libc.a(read_nocancel.o)
                0x0000000000022240                __read_nocancel
 .text          0x0000000000022264       0x24 /usr/lib/gcc-cross/riscv64-linux-gnu/12/../../../../riscv64-linux-gnu/lib/libc.a(write_nocancel.o)
                0x0000000000022264                __write_nocancel
 .text          0x0000000000022288       0x34 /usr/lib/gcc-cross/riscv64-linux-gnu/12/../../../../riscv64-linux-gnu/lib/libc.a(getrlimit64.o)
                0x0000000000022288                getrlimit
                0x0000000000022288                getrlimit64
                0x0000000000022288                __getrlimit
                0x0000000000022288                __GI___getrlimit
                0x0000000000022288                __GI_getrlimit
                0x0000000000022288                __getrlimit64
 .text          0x00000000000222bc       0x2c /usr/lib/gcc-cross/riscv64-linux-gnu/12/../../../../riscv64-linux-gnu/lib/libc.a(brk.o)
                0x00000000000222bc                __brk
                0x00000000000222bc                brk
 .text          0x00000000000222e8       0x7a /usr/lib/gcc-cross/riscv64-linux-gnu/12/../../../../riscv64-linux-gnu/lib/libc.a(sbrk.o)
                0x00000000000222e8                sbrk
                0x00000000000222e8                __sbrk
 .text          0x0000000000022362       0x32 /usr/lib/gcc-cross/riscv64-linux-gnu/12/../../../../riscv64-linux-gnu/lib/libc.a(getpagesize.o)
                0x0000000000022362                getpagesize
                0x0000000000022362                __getpagesize
 .text          0x0000000000022394       0x3e /usr/lib/gcc-cross/riscv64-linux-gnu/12/../../../../riscv64-linux-gnu/lib/libc.a(getdtsz.o)
                0x0000000000022394                __getdtablesize
                0x0000000000022394                getdtablesize
 .text          0x00000000000223d2       0x3e /usr/lib/gcc-cross/riscv64-linux-gnu/12/../../../../riscv64-linux-gnu/lib/libc.a(mmap64.o)
                0x00000000000223d2                __mmap
                0x00000000000223d2                mmap
                0x00000000000223d2                __mmap64
                0x00000000000223d2                mmap64
 *fill*         0x0000000000022410        0x0 
 .text          0x0000000000022410       0x18 /usr/lib/gcc-cross/riscv64-linux-gnu/12/../../../../riscv64-linux-gnu/lib/libc.a(munmap.o)
                0x0000000000022410                munmap
                0x0000000000022410                __munmap
 .text          0x0000000000022428       0x18 /usr/lib/gcc-cross/riscv64-linux-gnu/12/../../../../riscv64-linux-gnu/lib/libc.a(mprotect.o)
                0x0000000000022428                __mprotect
                0x0000000000022428                mprotect
 .text          0x0000000000022440       0x18 /usr/lib/gcc-cross/riscv64-linux-gnu/12/../../../../riscv64-linux-gnu/lib/libc.a(madvise.o)
                0x0000000000022440                madvise
                0x0000000000022440                __madvise
 .text          0x0000000000022458      0x76c /usr/lib/gcc-cross/riscv64-linux-gnu/12/../../../../riscv64-linux-gnu/lib/libc.a(tsearch.o)
                0x000000000002268c                tsearch
                0x000000000002268c                __tsearch
                0x0000000000022792                tfind
                0x0000000000022792                __tfind
                0x00000000000227ea                tdelete
                0x00000000000227ea                __tdelete
                0x0000000000022bac                __twalk
                0x0000000000022bac                twalk
                0x0000000000022bb6                twalk_r
                0x0000000000022bb6                __twalk_r
                0x0000000000022bbe                __tdestroy
                0x0000000000022bbe                tdestroy
 .text          0x0000000000022bc4      0x5b8 /usr/lib/gcc-cross/riscv64-linux-gnu/12/../../../../riscv64-linux-gnu/lib/libc.a(getsysstats.o)
                0x0000000000022f20                __get_nprocs_sched
                0x0000000000022f90                __get_nprocs
                0x0000000000022f90                get_nprocs
                0x0000000000022fb4                __get_nprocs_conf
                0x0000000000022fb4                get_nprocs_conf
                0x0000000000023088                get_phys_pages
                0x0000000000023088                __get_phys_pages
                0x0000000000023102                get_avphys_pages
                0x0000000000023102                __get_avphys_pages
 .text          0x000000000002317c       0x14 /usr/lib/gcc-cross/riscv64-linux-gnu/12/../../../../riscv64-linux-gnu/lib/libc.a(getclktck.o)
                0x000000000002317c                __getclktck
 .text          0x0000000000023190       0xa2 /usr/lib/gcc-cross/riscv64-linux-gnu/12/../../../../riscv64-linux-gnu/lib/libc.a(getauxval.o)
                0x0000000000023190                __getauxval2
                0x00000000000231e0                getauxval
                0x00000000000231e0                __getauxval
 .text          0x0000000000023232       0x3a /usr/lib/gcc-cross/riscv64-linux-gnu/12/../../../../riscv64-linux-gnu/lib/libc.a(init-misc.o)
                0x0000000000023232                __init_misc
 .text          0x000000000002326c       0x74 /usr/lib/gcc-cross/riscv64-linux-gnu/12/../../../../riscv64-linux-gnu/lib/libc.a(mremap.o)
                0x000000000002326c                mremap
                0x000000000002326c                __mremap
 *fill*         0x00000000000232e0        0x0 
 .text          0x00000000000232e0       0x18 /usr/lib/gcc-cross/riscv64-linux-gnu/12/../../../../riscv64-linux-gnu/lib/libc.a(sysinfo.o)
                0x00000000000232e0                sysinfo
                0x00000000000232e0                __sysinfo
 .text          0x00000000000232f8      0x398 /usr/lib/gcc-cross/riscv64-linux-gnu/12/../../../../riscv64-linux-gnu/lib/libc.a(malloc-hugepages.o)
                0x00000000000232f8                __malloc_default_thp_pagesize
                0x000000000002338c                __malloc_thp_mode
                0x000000000002342c                __malloc_hugepage_config
 .text          0x0000000000023690       0x10 /usr/lib/gcc-cross/riscv64-linux-gnu/12/../../../../riscv64-linux-gnu/lib/libc.a(stack_chk_fail.o)
                0x0000000000023690                __stack_chk_fail_local
                0x0000000000023690                __stack_chk_fail
 .text          0x00000000000236a0       0x1e /usr/lib/gcc-cross/riscv64-linux-gnu/12/../../../../riscv64-linux-gnu/lib/libc.a(fortify_fail.o)
                0x00000000000236a0                __fortify_fail
 .text          0x00000000000236be       0xbc /usr/lib/gcc-cross/riscv64-linux-gnu/12/../../../../riscv64-linux-gnu/lib/libc.a(dl-debug.o)
                0x00000000000236be                _dl_debug_state
                0x00000000000236c0                _dl_debug_update
                0x000000000002370c                _dl_debug_initialize
 .text          0x000000000002377a        0x0 /usr/lib/gcc-cross/riscv64-linux-gnu/12/../../../../riscv64-linux-gnu/lib/libc.a(dl-debug-symbols.o)
 .text          0x000000000002377a      0x790 /usr/lib/gcc-cross/riscv64-linux-gnu/12/../../../../riscv64-linux-gnu/lib/libc.a(dl-tls.o)
                0x000000000002377a                _dl_tls_static_surplus_init
                0x00000000000237f6                _dl_assign_tls_modid
                0x00000000000238d8                _dl_count_modids
                0x0000000000023922                _dl_get_tls_static_info
                0x000000000002393c                _dl_allocate_tls_storage
                0x00000000000239e2                _dl_allocate_tls_init
                0x0000000000023c20                _dl_allocate_tls
                0x0000000000023c76                _dl_deallocate_tls
                0x0000000000023cea                _dl_tls_get_addr_soft
                0x0000000000023d46                _dl_add_to_slotinfo
                0x0000000000023e26                _dl_init_static_tls
 .text          0x0000000000023f0a       0xd2 /usr/lib/gcc-cross/riscv64-linux-gnu/12/../../../../riscv64-linux-gnu/lib/libc.a(dl-tls_init_tp.o)
                0x0000000000023f0a                __tls_pre_init_tp
                0x0000000000023f30                __tls_init_tp
 .text          0x0000000000023fdc      0x5e0 /usr/lib/gcc-cross/riscv64-linux-gnu/12/../../../../riscv64-linux-gnu/lib/libc.a(dl-tunables.o)
                0x0000000000024076                __tunable_set_val
                0x000000000002408e                __tunables_init
                0x0000000000024496                __tunables_print
                0x0000000000024574                __tunable_get_val
 .text          0x00000000000245bc      0x232 /usr/lib/gcc-cross/riscv64-linux-gnu/12/../../../../riscv64-linux-gnu/lib/libc.a(dl-error.o)
                0x0000000000024660                _dl_signal_exception
                0x00000000000246a2                _dl_signal_error
                0x00000000000246e2                _dl_catch_exception
                0x000000000002478e                _dl_catch_error
 .text          0x00000000000247ee       0x32 /usr/lib/gcc-cross/riscv64-linux-gnu/12/../../../../riscv64-linux-gnu/lib/libc.a(dl-profstub.o)
                0x00000000000247ee                _dl_mcount_wrapper
                0x00000000000247fe                _dl_mcount_wrapper_check
 .text          0x0000000000024820      0x976 /usr/lib/gcc-cross/riscv64-linux-gnu/12/../../../../riscv64-linux-gnu/lib/libc.a(dl-support.o)
                0x000000000002483c                _dl_aux_init
                0x0000000000024a80                _dl_non_dynamic_init
                0x0000000000025194                _dl_audit_pltexit
 .text          0x0000000000025196       0xfa /usr/lib/gcc-cross/riscv64-linux-gnu/12/../../../../riscv64-linux-gnu/lib/libc.a(dl-sysdep.o)
                0x0000000000025196                _dl_discover_osversion
 .text          0x0000000000025290       0x4e /usr/lib/gcc-cross/riscv64-linux-gnu/12/../../../../riscv64-linux-gnu/lib/libc.a(enbl-secure.o)
                0x0000000000025290                __libc_init_secure
 .text          0x00000000000252de       0xb8 /usr/lib/gcc-cross/riscv64-linux-gnu/12/../../../../riscv64-linux-gnu/lib/libc.a(libc_early_init.o)
                0x00000000000252de                __libc_early_init
 .text          0x0000000000025396       0x3e /usr/lib/gcc-cross/riscv64-linux-gnu/12/../../../../riscv64-linux-gnu/lib/libc.a(init-first.o)
                0x0000000000025396                __libc_init_first
 *fill*         0x00000000000253d4        0x0 
 .text          0x00000000000253d4       0x16 /usr/lib/gcc-cross/riscv64-linux-gnu/12/../../../../riscv64-linux-gnu/lib/libc.a(sysdep.o)
                0x00000000000253d4                __syscall_error
                0x00000000000253d8                __syscall_set_errno
 .text          0x00000000000253ea      0x290 /usr/lib/gcc-cross/riscv64-linux-gnu/12/../../../../riscv64-linux-gnu/lib/libc.a(gconv_open.o)
                0x00000000000253ea                __gconv_open
 .text          0x000000000002567a      0x158 /usr/lib/gcc-cross/riscv64-linux-gnu/12/../../../../riscv64-linux-gnu/lib/libc.a(gconv.o)
                0x000000000002567a                __gconv
 .text          0x00000000000257d2       0x4e /usr/lib/gcc-cross/riscv64-linux-gnu/12/../../../../riscv64-linux-gnu/lib/libc.a(gconv_close.o)
                0x00000000000257d2                __gconv_close
 .text          0x0000000000025820      0xb22 /usr/lib/gcc-cross/riscv64-linux-gnu/12/../../../../riscv64-linux-gnu/lib/libc.a(gconv_db.o)
                0x0000000000025820                __gconv_alias_compare
                0x0000000000025858                __gconv_get_modules_db
                0x0000000000025862                __gconv_get_alias_db
                0x000000000002586c                __gconv_release_step
                0x0000000000025fec                __gconv_compare_alias
                0x0000000000026098                __gconv_find_transform
                0x0000000000026252                __gconv_close_transform
 .text          0x0000000000026342      0xbba /usr/lib/gcc-cross/riscv64-linux-gnu/12/../../../../riscv64-linux-gnu/lib/libc.a(gconv_conf.o)
                0x0000000000026ee8                __gconv_load_conf
 .text          0x0000000000026efc       0xb8 /usr/lib/gcc-cross/riscv64-linux-gnu/12/../../../../riscv64-linux-gnu/lib/libc.a(gconv_builtin.o)
                0x0000000000026efc                __gconv_get_builtin_trans
 .text          0x0000000000026fb4     0x5496 /usr/lib/gcc-cross/riscv64-linux-gnu/12/../../../../riscv64-linux-gnu/lib/libc.a(gconv_simple.o)
                0x0000000000026fb4                __gconv_btwoc_ascii
                0x0000000000026fc8                __gconv_transform_internal_ucs4
                0x00000000000274ac                __gconv_transform_ucs4_internal
                0x0000000000027ae0                __gconv_transform_internal_ucs4le
                0x0000000000027f58                __gconv_transform_ucs4le_internal
                0x0000000000028576                __gconv_transform_ascii_internal
                0x00000000000288c8                __gconv_transform_internal_ascii
                0x0000000000029030                __gconv_transform_internal_utf8
                0x00000000000298c8                __gconv_transform_utf8_internal
                0x000000000002a1f6                __gconv_transform_ucs2_internal
                0x000000000002a868                __gconv_transform_internal_ucs2
                0x000000000002b2e8                __gconv_transform_ucs2reverse_internal
                0x000000000002b984                __gconv_transform_internal_ucs2reverse
 .text          0x000000000002c44a      0x2ee /usr/lib/gcc-cross/riscv64-linux-gnu/12/../../../../riscv64-linux-gnu/lib/libc.a(gconv_trans.o)
                0x000000000002c44a                __gconv_transliterate
 .text          0x000000000002c738      0x66e /usr/lib/gcc-cross/riscv64-linux-gnu/12/../../../../riscv64-linux-gnu/lib/libc.a(gconv_cache.o)
                0x000000000002c8a6                __gconv_get_cache
                0x000000000002c8b0                __gconv_load_cache
                0x000000000002ca0e                __gconv_compare_alias_cache
                0x000000000002ca84                __gconv_lookup_cache
                0x000000000002cd96                __gconv_release_cache
 .text          0x000000000002cda6      0x1cc /usr/lib/gcc-cross/riscv64-linux-gnu/12/../../../../riscv64-linux-gnu/lib/libc.a(gconv_dl.o)
                0x000000000002ce20                __gconv_find_shlib
                0x000000000002cf5c                __gconv_release_shlib
 .text          0x000000000002cf72      0x364 /usr/lib/gcc-cross/riscv64-linux-gnu/12/../../../../riscv64-linux-gnu/lib/libc.a(gconv_charset.o)
                0x000000000002d09c                __gconv_create_spec
                0x000000000002d2bc                __gconv_destroy_spec
 .text          0x000000000002d2d6      0x634 /usr/lib/gcc-cross/riscv64-linux-gnu/12/../../../../riscv64-linux-gnu/lib/libc.a(setlocale.o)
                0x000000000002d480                setlocale
 .text          0x000000000002d90a      0x634 /usr/lib/gcc-cross/riscv64-linux-gnu/12/../../../../riscv64-linux-gnu/lib/libc.a(findlocale.o)
                0x000000000002d90a                _nl_find_locale
                0x000000000002df02                _nl_remove_locale
 .text          0x000000000002df3e      0x43e /usr/lib/gcc-cross/riscv64-linux-gnu/12/../../../../riscv64-linux-gnu/lib/libc.a(loadlocale.o)
                0x000000000002df3e                _nl_intern_locale_data
                0x000000000002e124                _nl_load_locale
                0x000000000002e338                _nl_unload_locale
 .text          0x000000000002e37c      0x3d0 /usr/lib/gcc-cross/riscv64-linux-gnu/12/../../../../riscv64-linux-gnu/lib/libc.a(loadarchive.o)
                0x000000000002e37c                _nl_load_locale_from_archive
 .text          0x000000000002e74c       0x5a /usr/lib/gcc-cross/riscv64-linux-gnu/12/../../../../riscv64-linux-gnu/lib/libc.a(lc-ctype.o)
                0x000000000002e74c                _nl_postload_ctype
 .text          0x000000000002e7a6        0x0 /usr/lib/gcc-cross/riscv64-linux-gnu/12/../../../../riscv64-linux-gnu/lib/libc.a(C-ctype.o)
 .text          0x000000000002e7a6        0x0 /usr/lib/gcc-cross/riscv64-linux-gnu/12/../../../../riscv64-linux-gnu/lib/libc.a(SYS_libc.o)
 .text          0x000000000002e7a6        0x0 /usr/lib/gcc-cross/riscv64-linux-gnu/12/../../../../riscv64-linux-gnu/lib/libc.a(C_name.o)
 .text          0x000000000002e7a6        0x0 /usr/lib/gcc-cross/riscv64-linux-gnu/12/../../../../riscv64-linux-gnu/lib/libc.a(xlocale.o)
 .text          0x000000000002e7a6       0x16 /usr/lib/gcc-cross/riscv64-linux-gnu/12/../../../../riscv64-linux-gnu/lib/libc.a(localename.o)
                0x000000000002e7a6                __current_locale_name
 .text          0x000000000002e7bc        0x0 /usr/lib/gcc-cross/riscv64-linux-gnu/12/../../../../riscv64-linux-gnu/lib/libc.a(global-locale.o)
 .text          0x000000000002e7bc       0x5a /usr/lib/gcc-cross/riscv64-linux-gnu/12/../../../../riscv64-linux-gnu/lib/libc.a(ctype-info.o)
                0x000000000002e7bc                __ctype_b_loc
                0x000000000002e7c8                __ctype_toupper_loc
                0x000000000002e7d6                __ctype_tolower_loc
                0x000000000002e7e4                __ctype_init
 *fill*         0x000000000002e816        0x2 
 .text          0x000000000002e818       0x6a /usr/lib/gcc-cross/riscv64-linux-gnu/12/../../../../riscv64-linux-gnu/lib/libc.a(__longjmp.o)
                0x000000000002e818                __longjmp
 .text          0x000000000002e882       0x2a /usr/lib/gcc-cross/riscv64-linux-gnu/12/../../../../riscv64-linux-gnu/lib/libc.a(sigaction.o)
                0x000000000002e882                sigaction
                0x000000000002e882                __sigaction
 .text          0x000000000002e8ac       0xb0 /usr/lib/gcc-cross/riscv64-linux-gnu/12/../../../../riscv64-linux-gnu/lib/libc.a(libc_sigaction.o)
                0x000000000002e8ac                __libc_sigaction
 .text          0x000000000002e95c      0x310 /usr/lib/gcc-cross/riscv64-linux-gnu/12/../../../../riscv64-linux-gnu/lib/libc.a(qsort.o)
                0x000000000002e95c                _quicksort
 .text          0x000000000002ec6c      0x466 /usr/lib/gcc-cross/riscv64-linux-gnu/12/../../../../riscv64-linux-gnu/lib/libc.a(setenv.o)
                0x000000000002ec6c                __add_to_environ
                0x000000000002ef02                setenv
                0x000000000002ef02                __setenv
                0x000000000002ef66                unsetenv
                0x000000000002ef66                __unsetenv
                0x000000000002f03a                clearenv
                0x000000000002f03a                __clearenv
 .text          0x000000000002f0d2       0x8a /usr/lib/gcc-cross/riscv64-linux-gnu/12/../../../../riscv64-linux-gnu/lib/libc.a(getrandom.o)
                0x000000000002f0d2                __getrandom
                0x000000000002f0d2                getrandom
 .text          0x000000000002f15c       0x1e /usr/lib/gcc-cross/riscv64-linux-gnu/12/../../../../riscv64-linux-gnu/lib/libc.a(strtol.o)
                0x000000000002f15c                __strtol_internal
                0x000000000002f15c                __strtoll_internal
                0x000000000002f16a                strtoimax
                0x000000000002f16a                strtoll
                0x000000000002f16a                strtoq
                0x000000000002f16a                strtol
                0x000000000002f16a                __strtol
 .text          0x000000000002f17a      0x362 /usr/lib/gcc-cross/riscv64-linux-gnu/12/../../../../riscv64-linux-gnu/lib/libc.a(strtol_l.o)
                0x000000000002f17a                ____strtol_l_internal
                0x000000000002f17a                ____strtoll_l_internal
                0x000000000002f4d6                strtoll_l
                0x000000000002f4d6                strtol_l
                0x000000000002f4d6                __strtoll_l
                0x000000000002f4d6                __strtol_l
 .text          0x000000000002f4dc       0x44 /usr/lib/gcc-cross/riscv64-linux-gnu/12/../../../../riscv64-linux-gnu/lib/libc.a(fprintf.o)
                0x000000000002f4dc                fprintf
                0x000000000002f4dc                _IO_fprintf
                0x000000000002f4dc                __fprintf
 .text          0x000000000002f520     0x3dc2 /usr/lib/gcc-cross/riscv64-linux-gnu/12/../../../../riscv64-linux-gnu/lib/libc.a(vfprintf-internal.o)
                0x0000000000031c3a                __vfprintf_internal
 .text          0x00000000000332e2     0x3ec8 /usr/lib/gcc-cross/riscv64-linux-gnu/12/../../../../riscv64-linux-gnu/lib/libc.a(vfwprintf-internal.o)
                0x0000000000035a28                __vfwprintf_internal
 .text          0x00000000000371aa       0x4c /usr/lib/gcc-cross/riscv64-linux-gnu/12/../../../../riscv64-linux-gnu/lib/libc.a(errlist.o)
                0x00000000000371aa                __get_errlist
                0x00000000000371c6                __get_errname
 .text          0x00000000000371f6      0x50a /usr/lib/gcc-cross/riscv64-linux-gnu/12/../../../../riscv64-linux-gnu/lib/libc.a(printf-parsemb.o)
                0x0000000000037266                __parse_one_specmb
 .text          0x0000000000037700      0x528 /usr/lib/gcc-cross/riscv64-linux-gnu/12/../../../../riscv64-linux-gnu/lib/libc.a(printf-parsewc.o)
                0x0000000000037778                __parse_one_specwc
 .text          0x0000000000037c28      0x104 /usr/lib/gcc-cross/riscv64-linux-gnu/12/../../../../riscv64-linux-gnu/lib/libc.a(filedoalloc.o)
                0x0000000000037c28                _IO_file_doallocate
 .text          0x0000000000037d2c      0x110 /usr/lib/gcc-cross/riscv64-linux-gnu/12/../../../../riscv64-linux-gnu/lib/libc.a(iofputs.o)
                0x0000000000037d2c                _IO_fputs
                0x0000000000037d2c                fputs
 .text          0x0000000000037e3c       0x56 /usr/lib/gcc-cross/riscv64-linux-gnu/12/../../../../riscv64-linux-gnu/lib/libc.a(wfiledoalloc.o)
                0x0000000000037e3c                _IO_wfile_doallocate
 .text          0x0000000000037e92      0x168 /usr/lib/gcc-cross/riscv64-linux-gnu/12/../../../../riscv64-linux-gnu/lib/libc.a(iofwrite.o)
                0x0000000000037e92                _IO_fwrite
                0x0000000000037e92                fwrite
 .text          0x0000000000037ffa      0x21e /usr/lib/gcc-cross/riscv64-linux-gnu/12/../../../../riscv64-linux-gnu/lib/libc.a(iogetdelim.o)
                0x0000000000037ffa                __getdelim
                0x0000000000037ffa                getdelim
 .text          0x0000000000038218      0x114 /usr/lib/gcc-cross/riscv64-linux-gnu/12/../../../../riscv64-linux-gnu/lib/libc.a(iogetline.o)
                0x0000000000038218                _IO_getline_info
                0x0000000000038328                _IO_getline
 .text          0x000000000003832c      0x106 /usr/lib/gcc-cross/riscv64-linux-gnu/12/../../../../riscv64-linux-gnu/lib/libc.a(iopadn.o)
                0x000000000003832c                _IO_padn
 .text          0x0000000000038432      0x10a /usr/lib/gcc-cross/riscv64-linux-gnu/12/../../../../riscv64-linux-gnu/lib/libc.a(iowpadn.o)
                0x0000000000038432                _IO_wpadn
 .text          0x000000000003853c      0xb60 /usr/lib/gcc-cross/riscv64-linux-gnu/12/../../../../riscv64-linux-gnu/lib/libc.a(wgenops.o)
                0x00000000000386b0                _IO_least_wmarker
                0x00000000000386cc                _IO_switch_to_main_wget_area
                0x00000000000386ee                _IO_switch_to_wbackup_area
                0x0000000000038710                _IO_wsetb
                0x000000000003875e                _IO_wdefault_pbackfail
                0x0000000000038868                _IO_wdefault_finish
                0x00000000000388b2                _IO_wdefault_uflow
                0x000000000003890c                __woverflow
                0x000000000003897c                _IO_wdefault_xsputn
                0x0000000000038a8e                _IO_wdoallocbuf
                0x0000000000038af8                _IO_wdefault_doallocate
                0x0000000000038b50                _IO_switch_to_wget_mode
                0x0000000000038ba8                _IO_free_wbackup_area
                0x0000000000038bf0                __wuflow
                0x0000000000038cd8                __wunderflow
                0x0000000000038db2                _IO_wdefault_xsgetn
                0x0000000000038e58                _IO_sputbackwc
                0x0000000000038ec2                _IO_sungetwc
                0x0000000000038f24                _IO_adjust_wcolumn
                0x0000000000038f4e                _IO_init_wmarker
                0x0000000000038f9e                _IO_wmarker_delta
                0x0000000000038fce                _IO_seekwmark
                0x0000000000039048                _IO_unsave_wmarkers
 .text          0x000000000003909c       0x4e /usr/lib/gcc-cross/riscv64-linux-gnu/12/../../../../riscv64-linux-gnu/lib/libc.a(cancellation.o)
                0x000000000003909c                __pthread_enable_asynccancel
                0x00000000000390de                __pthread_disable_asynccancel
 .text          0x00000000000390ea      0x158 /usr/lib/gcc-cross/riscv64-linux-gnu/12/../../../../riscv64-linux-gnu/lib/libc.a(futex-internal.o)
                0x00000000000391d4                __futex_abstimed_wait64
                0x00000000000391d8                __futex_abstimed_wait_cancelable64
                0x00000000000391dc                __futex_lock_pi64
 .text          0x0000000000039242       0x68 /usr/lib/gcc-cross/riscv64-linux-gnu/12/../../../../riscv64-linux-gnu/lib/libc.a(pthread_mutex_conf.o)
                0x000000000003925a                __pthread_tunables_init
 .text          0x00000000000392aa      0x780 /usr/lib/gcc-cross/riscv64-linux-gnu/12/../../../../riscv64-linux-gnu/lib/libc.a(pthread_mutex_lock.o)
                0x0000000000039824                __pthread_mutex_lock
                0x0000000000039824                ___pthread_mutex_lock
                0x0000000000039824                pthread_mutex_lock
 .text          0x0000000000039a2a      0x440 /usr/lib/gcc-cross/riscv64-linux-gnu/12/../../../../riscv64-linux-gnu/lib/libc.a(pthread_mutex_unlock.o)
                0x0000000000039d62                __pthread_mutex_unlock_usercnt
                0x0000000000039e66                __pthread_mutex_unlock
                0x0000000000039e66                pthread_mutex_unlock
                0x0000000000039e66                ___pthread_mutex_unlock
 .text          0x0000000000039e6a      0x1ae /usr/lib/gcc-cross/riscv64-linux-gnu/12/../../../../riscv64-linux-gnu/lib/libc.a(pthread_once.o)
                0x000000000003a008                __pthread_once
                0x000000000003a008                pthread_once
                0x000000000003a008                ___pthread_once
 .text          0x000000000003a018      0x406 /usr/lib/gcc-cross/riscv64-linux-gnu/12/../../../../riscv64-linux-gnu/lib/libc.a(tpp.o)
                0x000000000003a018                __init_sched_fifo_prio
                0x000000000003a046                __pthread_tpp_change_priority
                0x000000000003a32e                __pthread_current_priority
 .text          0x000000000003a41e        0x0 /usr/lib/gcc-cross/riscv64-linux-gnu/12/../../../../riscv64-linux-gnu/lib/libc.a(vars.o)
 .text          0x000000000003a41e       0x90 /usr/lib/gcc-cross/riscv64-linux-gnu/12/../../../../riscv64-linux-gnu/lib/libc.a(scratch_buffer_grow_preserve.o)
                0x000000000003a41e                __libc_scratch_buffer_grow_preserve
 .text          0x000000000003a4ae       0x94 /usr/lib/gcc-cross/riscv64-linux-gnu/12/../../../../riscv64-linux-gnu/lib/libc.a(scratch_buffer_set_array_size.o)
                0x000000000003a4ae                __libc_scratch_buffer_set_array_size
 .text          0x000000000003a542       0x3a /usr/lib/gcc-cross/riscv64-linux-gnu/12/../../../../riscv64-linux-gnu/lib/libc.a(strndup.o)
                0x000000000003a542                strndup
                0x000000000003a542                __strndup
 .text          0x000000000003a57c       0x68 /usr/lib/gcc-cross/riscv64-linux-gnu/12/../../../../riscv64-linux-gnu/lib/libc.a(_strerror.o)
                0x000000000003a57c                __strerror_r
                0x000000000003a57c                strerror_r
 .text          0x000000000003a5e4       0xd0 /usr/lib/gcc-cross/riscv64-linux-gnu/12/../../../../riscv64-linux-gnu/lib/libc.a(strnlen.o)
                0x000000000003a5e4                __strnlen
                0x000000000003a5e4                strnlen
 .text          0x000000000003a6b4       0x4a /usr/lib/gcc-cross/riscv64-linux-gnu/12/../../../../riscv64-linux-gnu/lib/libc.a(strrchr.o)
                0x000000000003a6b4                strrchr
                0x000000000003a6b4                rindex
 .text          0x000000000003a6fe       0x62 /usr/lib/gcc-cross/riscv64-linux-gnu/12/../../../../riscv64-linux-gnu/lib/libc.a(strtok_r.o)
                0x000000000003a6fe                strtok_r
                0x000000000003a6fe                __strtok_r
 .text          0x000000000003a760       0x88 /usr/lib/gcc-cross/riscv64-linux-gnu/12/../../../../riscv64-linux-gnu/lib/libc.a(memchr.o)
                0x000000000003a760                memchr
                0x000000000003a760                __memchr
 .text          0x000000000003a7e8      0x516 /usr/lib/gcc-cross/riscv64-linux-gnu/12/../../../../riscv64-linux-gnu/lib/libc.a(memmem.o)
                0x000000000003ab0a                memmem
                0x000000000003ab0a                __memmem
 .text          0x000000000003acfe       0x9c /usr/lib/gcc-cross/riscv64-linux-gnu/12/../../../../riscv64-linux-gnu/lib/libc.a(argz-ctsep.o)
                0x000000000003acfe                __argz_create_sep
                0x000000000003acfe                argz_create_sep
 .text          0x000000000003ad9a       0xa4 /usr/lib/gcc-cross/riscv64-linux-gnu/12/../../../../riscv64-linux-gnu/lib/libc.a(argz-addsep.o)
                0x000000000003ad9a                argz_add_sep
                0x000000000003ad9a                __argz_add_sep
 .text          0x000000000003ae3e       0x38 /usr/lib/gcc-cross/riscv64-linux-gnu/12/../../../../riscv64-linux-gnu/lib/libc.a(wcslen.o)
                0x000000000003ae3e                wcslen
                0x000000000003ae3e                __wcslen
 .text          0x000000000003ae76        0x6 /usr/lib/gcc-cross/riscv64-linux-gnu/12/../../../../riscv64-linux-gnu/lib/libc.a(wmemcpy.o)
                0x000000000003ae76                wmemcpy
                0x000000000003ae76                __wmemcpy
 .text          0x000000000003ae7c        0x6 /usr/lib/gcc-cross/riscv64-linux-gnu/12/../../../../riscv64-linux-gnu/lib/libc.a(wmemmove.o)
                0x000000000003ae7c                __wmemmove
                0x000000000003ae7c                wmemmove
 .text          0x000000000003ae82      0x122 /usr/lib/gcc-cross/riscv64-linux-gnu/12/../../../../riscv64-linux-gnu/lib/libc.a(btowc.o)
                0x000000000003ae82                __btowc
                0x000000000003ae82                btowc
 .text          0x000000000003afa4      0x14a /usr/lib/gcc-cross/riscv64-linux-gnu/12/../../../../riscv64-linux-gnu/lib/libc.a(wcrtomb.o)
                0x000000000003afa4                __wcrtomb
                0x000000000003afa4                wcrtomb
 .text          0x000000000003b0ee      0x22c /usr/lib/gcc-cross/riscv64-linux-gnu/12/../../../../riscv64-linux-gnu/lib/libc.a(wcsrtombs.o)
                0x000000000003b0ee                wcsrtombs
                0x000000000003b0ee                __wcsrtombs
 .text          0x000000000003b31a       0x30 /usr/lib/gcc-cross/riscv64-linux-gnu/12/../../../../riscv64-linux-gnu/lib/libc.a(wcsnlen.o)
                0x000000000003b31a                wcsnlen
                0x000000000003b31a                __wcsnlen
 .text          0x000000000003b34a       0x10 /usr/lib/gcc-cross/riscv64-linux-gnu/12/../../../../riscv64-linux-gnu/lib/libc.a(wcschrnul.o)
                0x000000000003b34a                __wcschrnul
                0x000000000003b34a                wcschrnul
 .text          0x000000000003b35a      0x1b4 /usr/lib/gcc-cross/riscv64-linux-gnu/12/../../../../riscv64-linux-gnu/lib/libc.a(opendir.o)
                0x000000000003b424                __opendirat
                0x000000000003b452                __opendir
                0x000000000003b452                opendir
                0x000000000003b480                __alloc_dir
 .text          0x000000000003b50e       0x2c /usr/lib/gcc-cross/riscv64-linux-gnu/12/../../../../riscv64-linux-gnu/lib/libc.a(closedir.o)
                0x000000000003b50e                __closedir
                0x000000000003b50e                closedir
 .text          0x000000000003b53a       0x6c /usr/lib/gcc-cross/riscv64-linux-gnu/12/../../../../riscv64-linux-gnu/lib/libc.a(rewinddir.o)
                0x000000000003b53a                rewinddir
                0x000000000003b53a                __rewinddir
 .text          0x000000000003b5a6       0x32 /usr/lib/gcc-cross/riscv64-linux-gnu/12/../../../../riscv64-linux-gnu/lib/libc.a(getdents64.o)
                0x000000000003b5a6                __getdents
                0x000000000003b5a6                getdents64
                0x000000000003b5a6                __getdents64
 .text          0x000000000003b5d8       0xe4 /usr/lib/gcc-cross/riscv64-linux-gnu/12/../../../../riscv64-linux-gnu/lib/libc.a(readdir64.o)
                0x000000000003b5d8                readdir
                0x000000000003b5d8                __readdir64
                0x000000000003b5d8                __readdir
                0x000000000003b5d8                readdir64
 .text          0x000000000003b6bc       0x9a /usr/lib/gcc-cross/riscv64-linux-gnu/12/../../../../riscv64-linux-gnu/lib/libc.a(fdopendir.o)
                0x000000000003b6bc                fdopendir
                0x000000000003b6bc                __fdopendir
 *fill*         0x000000000003b756        0x2 
 .text          0x000000000003b758       0x18 /usr/lib/gcc-cross/riscv64-linux-gnu/12/../../../../riscv64-linux-gnu/lib/libc.a(uname.o)
                0x000000000003b758                uname
                0x000000000003b758                __uname
 .text          0x000000000003b770        0xc /usr/lib/gcc-cross/riscv64-linux-gnu/12/../../../../riscv64-linux-gnu/lib/libc.a(getuid.o)
                0x000000000003b770                getuid
                0x000000000003b770                __getuid
 .text          0x000000000003b77c        0xc /usr/lib/gcc-cross/riscv64-linux-gnu/12/../../../../riscv64-linux-gnu/lib/libc.a(geteuid.o)
                0x000000000003b77c                geteuid
                0x000000000003b77c                __geteuid
 .text          0x000000000003b788        0xc /usr/lib/gcc-cross/riscv64-linux-gnu/12/../../../../riscv64-linux-gnu/lib/libc.a(getgid.o)
                0x000000000003b788                getgid
                0x000000000003b788                __getgid
 .text          0x000000000003b794        0xc /usr/lib/gcc-cross/riscv64-linux-gnu/12/../../../../riscv64-linux-gnu/lib/libc.a(getegid.o)
                0x000000000003b794                getegid
                0x000000000003b794                __getegid
 .text          0x000000000003b7a0       0x18 /usr/lib/gcc-cross/riscv64-linux-gnu/12/../../../../riscv64-linux-gnu/lib/libc.a(sched_getp.o)
                0x000000000003b7a0                __sched_getparam
                0x000000000003b7a0                sched_getparam
 .text          0x000000000003b7b8       0x18 /usr/lib/gcc-cross/riscv64-linux-gnu/12/../../../../riscv64-linux-gnu/lib/libc.a(sched_sets.o)
                0x000000000003b7b8                sched_setscheduler
                0x000000000003b7b8                __sched_setscheduler
 .text          0x000000000003b7d0       0x18 /usr/lib/gcc-cross/riscv64-linux-gnu/12/../../../../riscv64-linux-gnu/lib/libc.a(sched_gets.o)
                0x000000000003b7d0                sched_getscheduler
                0x000000000003b7d0                __sched_getscheduler
 .text          0x000000000003b7e8       0x18 /usr/lib/gcc-cross/riscv64-linux-gnu/12/../../../../riscv64-linux-gnu/lib/libc.a(sched_primax.o)
                0x000000000003b7e8                __sched_get_priority_max
                0x000000000003b7e8                sched_get_priority_max
 .text          0x000000000003b800       0x18 /usr/lib/gcc-cross/riscv64-linux-gnu/12/../../../../riscv64-linux-gnu/lib/libc.a(sched_primin.o)
                0x000000000003b800                sched_get_priority_min
                0x000000000003b800                __sched_get_priority_min
 .text          0x000000000003b818       0x2c /usr/lib/gcc-cross/riscv64-linux-gnu/12/../../../../riscv64-linux-gnu/lib/libc.a(sched_cpucount.o)
                0x000000000003b818                __sched_cpucount
 .text          0x000000000003b844       0x10 /usr/lib/gcc-cross/riscv64-linux-gnu/12/../../../../riscv64-linux-gnu/lib/libc.a(lstat64.o)
                0x000000000003b844                __lstat64
                0x000000000003b844                lstat
                0x000000000003b844                lstat64
                0x000000000003b844                __lstat
 .text          0x000000000003b854       0xd0 /usr/lib/gcc-cross/riscv64-linux-gnu/12/../../../../riscv64-linux-gnu/lib/libc.a(openat64.o)
                0x000000000003b854                __openat64
                0x000000000003b854                openat64
                0x000000000003b854                __libc_openat64
                0x000000000003b854                __openat
                0x000000000003b854                openat
 .text          0x000000000003b924       0x34 /usr/lib/gcc-cross/riscv64-linux-gnu/12/../../../../riscv64-linux-gnu/lib/libc.a(isatty.o)
                0x000000000003b924                isatty
                0x000000000003b924                __isatty
 .text          0x000000000003b958       0x84 /usr/lib/gcc-cross/riscv64-linux-gnu/12/../../../../riscv64-linux-gnu/lib/libc.a(openat64_nocancel.o)
                0x000000000003b958                __openat64_nocancel
                0x000000000003b958                __openat_nocancel
 .text          0x000000000003b9dc       0x24 /usr/lib/gcc-cross/riscv64-linux-gnu/12/../../../../riscv64-linux-gnu/lib/libc.a(pread64_nocancel.o)
                0x000000000003b9dc                __pread64_nocancel
 .text          0x000000000003ba00       0xc6 /usr/lib/gcc-cross/riscv64-linux-gnu/12/../../../../riscv64-linux-gnu/lib/libc.a(tcgetattr.o)
                0x000000000003ba00                __tcgetattr
                0x000000000003ba00                tcgetattr
 .text          0x000000000003bac6        0x0 /usr/lib/gcc-cross/riscv64-linux-gnu/12/../../../../riscv64-linux-gnu/lib/libc.a(single_threaded.o)
 .text          0x000000000003bac6       0x78 /usr/lib/gcc-cross/riscv64-linux-gnu/12/../../../../riscv64-linux-gnu/lib/libc.a(wctrans.o)
                0x000000000003bac6                __wctrans
                0x000000000003bac6                wctrans
 .text          0x000000000003bb3e       0x5a /usr/lib/gcc-cross/riscv64-linux-gnu/12/../../../../riscv64-linux-gnu/lib/libc.a(towctrans.o)
                0x000000000003bb3e                towctrans
                0x000000000003bb3e                __towctrans
 .text          0x000000000003bb98      0x17c /usr/lib/gcc-cross/riscv64-linux-gnu/12/../../../../riscv64-linux-gnu/lib/libc.a(readonly-area.o)
                0x000000000003bb98                __readonly_area
 .text          0x000000000003bd14      0x316 /usr/lib/gcc-cross/riscv64-linux-gnu/12/../../../../riscv64-linux-gnu/lib/libc.a(dl-exception.o)
                0x000000000003bd24                _dl_error_free
                0x000000000003bd36                _dl_exception_create
                0x000000000003bdb8                _dl_exception_create_format
                0x000000000003c008                _dl_exception_free
 .text          0x000000000003c02a     0x2a0c /usr/lib/gcc-cross/riscv64-linux-gnu/12/../../../../riscv64-linux-gnu/lib/libc.a(dl-load.o)
                0x000000000003cb04                _dl_dst_count
                0x000000000003cb82                _dl_dst_substitute
                0x000000000003d0c0                _dl_init_paths
                0x000000000003d322                _dl_process_pt_gnu_property
                0x000000000003e162                _dl_map_object
                0x000000000003e876                _dl_rtld_di_serinfo
 .text          0x000000000003ea36      0xf7e /usr/lib/gcc-cross/riscv64-linux-gnu/12/../../../../riscv64-linux-gnu/lib/libc.a(dl-lookup.o)
                0x000000000003f1d6                _dl_lookup_symbol_x
 .text          0x000000000003f9b4      0x178 /usr/lib/gcc-cross/riscv64-linux-gnu/12/../../../../riscv64-linux-gnu/lib/libc.a(dl-minimal-malloc.o)
                0x000000000003f9b4                __minimal_malloc
                0x000000000003fa6a                __minimal_calloc
                0x000000000003fa8e                __minimal_free
                0x000000000003fac4                __minimal_realloc
 .text          0x000000000003fb2c      0x1ea /usr/lib/gcc-cross/riscv64-linux-gnu/12/../../../../riscv64-linux-gnu/lib/libc.a(dl-misc.o)
                0x000000000003fb2c                _dl_sysdep_read_whole_file
                0x000000000003fb90                _dl_name_match_p
                0x000000000003fbd4                _dl_higher_prime_number
                0x000000000003fc12                _dl_strtoul
 .text          0x000000000003fd16      0x27a /usr/lib/gcc-cross/riscv64-linux-gnu/12/../../../../riscv64-linux-gnu/lib/libc.a(dl-object.o)
                0x000000000003fd16                _dl_add_to_namespace_list
                0x000000000003fd8a                _dl_new_object
 .text          0x000000000003ff90      0x130 /usr/lib/gcc-cross/riscv64-linux-gnu/12/../../../../riscv64-linux-gnu/lib/libc.a(dl-origin.o)
                0x000000000003ff90                _dl_get_origin
 .text          0x00000000000400c0      0x56a /usr/lib/gcc-cross/riscv64-linux-gnu/12/../../../../riscv64-linux-gnu/lib/libc.a(dl-printf.o)
                0x000000000004051a                _dl_debug_printf
                0x000000000004054e                _dl_debug_printf_c
                0x0000000000040582                _dl_dprintf
                0x00000000000405a8                _dl_printf
                0x00000000000405d2                _dl_error_printf
                0x00000000000405fc                _dl_fatal_printf
 .text          0x000000000004062a      0x73e /usr/lib/gcc-cross/riscv64-linux-gnu/12/../../../../riscv64-linux-gnu/lib/libc.a(dl-profile.o)
                0x000000000004062a                _dl_start_profile
                0x0000000000040b9e                _dl_mcount
 .text          0x0000000000040d68      0xdcc /usr/lib/gcc-cross/riscv64-linux-gnu/12/../../../../riscv64-linux-gnu/lib/libc.a(dl-reloc.o)
                0x0000000000040d84                _dl_try_allocate_static_tls
                0x0000000000040e32                _dl_allocate_static_tls
                0x0000000000040ec6                _dl_protect_relro
                0x0000000000040f24                _dl_reloc_bad_type
                0x0000000000040ff0                _dl_relocate_object
 .text          0x0000000000041b34       0xb6 /usr/lib/gcc-cross/riscv64-linux-gnu/12/../../../../riscv64-linux-gnu/lib/libc.a(dl-scope.o)
                0x0000000000041b34                _dl_scope_free
 .text          0x0000000000041bea       0xa0 /usr/lib/gcc-cross/riscv64-linux-gnu/12/../../../../riscv64-linux-gnu/lib/libc.a(dl-setup_hash.o)
                0x0000000000041bea                _dl_setup_hash
 .text          0x0000000000041c8a      0x16a /usr/lib/gcc-cross/riscv64-linux-gnu/12/../../../../riscv64-linux-gnu/lib/libc.a(dl-thread_gscope_wait.o)
                0x0000000000041c8a                __thread_gscope_wait
 *fill*         0x0000000000041df4        0x0 
 .text          0x0000000000041df4       0x5e /usr/lib/gcc-cross/riscv64-linux-gnu/12/../../../../riscv64-linux-gnu/lib/libc.a(dl-trampoline.o)
                0x0000000000041df4                _dl_runtime_resolve
 .text          0x0000000000041e52      0x47c /usr/lib/gcc-cross/riscv64-linux-gnu/12/../../../../riscv64-linux-gnu/lib/libc.a(dl-cache.o)
                0x0000000000041e52                _dl_cache_libcmp
                0x0000000000042074                _dl_load_cache_lookup
                0x00000000000422a0                _dl_unload_cache
 .text          0x00000000000422ce      0x3bc /usr/lib/gcc-cross/riscv64-linux-gnu/12/../../../../riscv64-linux-gnu/lib/libc.a(dl-libc.o)
                0x000000000004242a                __libc_dlopen_mode
                0x0000000000042494                __libc_dlsym_private
                0x00000000000424fa                __libc_dlsym
                0x0000000000042560                __libc_dlvsym
                0x000000000004262a                __libc_dlclose
 .text          0x000000000004268a        0x0 /usr/lib/gcc-cross/riscv64-linux-gnu/12/../../../../riscv64-linux-gnu/lib/libc.a(lc-numeric.o)
 .text          0x000000000004268a        0x0 /usr/lib/gcc-cross/riscv64-linux-gnu/12/../../../../riscv64-linux-gnu/lib/libc.a(C-messages.o)
 .text          0x000000000004268a        0x0 /usr/lib/gcc-cross/riscv64-linux-gnu/12/../../../../riscv64-linux-gnu/lib/libc.a(C-monetary.o)
 .text          0x000000000004268a        0x0 /usr/lib/gcc-cross/riscv64-linux-gnu/12/../../../../riscv64-linux-gnu/lib/libc.a(C-numeric.o)
 .text          0x000000000004268a        0x0 /usr/lib/gcc-cross/riscv64-linux-gnu/12/../../../../riscv64-linux-gnu/lib/libc.a(C-time.o)
 .text          0x000000000004268a        0x0 /usr/lib/gcc-cross/riscv64-linux-gnu/12/../../../../riscv64-linux-gnu/lib/libc.a(C-paper.o)
 .text          0x000000000004268a        0x0 /usr/lib/gcc-cross/riscv64-linux-gnu/12/../../../../riscv64-linux-gnu/lib/libc.a(C-name.o)
 .text          0x000000000004268a        0x0 /usr/lib/gcc-cross/riscv64-linux-gnu/12/../../../../riscv64-linux-gnu/lib/libc.a(C-address.o)
 .text          0x000000000004268a        0x0 /usr/lib/gcc-cross/riscv64-linux-gnu/12/../../../../riscv64-linux-gnu/lib/libc.a(C-telephone.o)
 .text          0x000000000004268a        0x0 /usr/lib/gcc-cross/riscv64-linux-gnu/12/../../../../riscv64-linux-gnu/lib/libc.a(C-measurement.o)
 .text          0x000000000004268a        0x0 /usr/lib/gcc-cross/riscv64-linux-gnu/12/../../../../riscv64-linux-gnu/lib/libc.a(C-identification.o)
 .text          0x000000000004268a        0x0 /usr/lib/gcc-cross/riscv64-linux-gnu/12/../../../../riscv64-linux-gnu/lib/libc.a(C-collate.o)
 .text          0x000000000004268a      0x11e /usr/lib/gcc-cross/riscv64-linux-gnu/12/../../../../riscv64-linux-gnu/lib/libc.a(_itoa.o)
                0x000000000004268a                _itoa_word
                0x0000000000042746                _fitoa_word
 .text          0x00000000000427a8        0x0 /usr/lib/gcc-cross/riscv64-linux-gnu/12/../../../../riscv64-linux-gnu/lib/libc.a(itoa-digits.o)
 .text          0x00000000000427a8        0x0 /usr/lib/gcc-cross/riscv64-linux-gnu/12/../../../../riscv64-linux-gnu/lib/libc.a(itoa-udigits.o)
 .text          0x00000000000427a8        0x0 /usr/lib/gcc-cross/riscv64-linux-gnu/12/../../../../riscv64-linux-gnu/lib/libc.a(itowa-digits.o)
 .text          0x00000000000427a8     0x1fe8 /usr/lib/gcc-cross/riscv64-linux-gnu/12/../../../../riscv64-linux-gnu/lib/libc.a(printf_fp.o)
                0x0000000000042aa0                __printf_fp_l
                0x0000000000044736                ___printf_fp
                0x0000000000044736                __printf_fp
                0x000000000004474c                __guess_grouping
 .text          0x0000000000044790       0xc0 /usr/lib/gcc-cross/riscv64-linux-gnu/12/../../../../riscv64-linux-gnu/lib/libc.a(reg-printf.o)
                0x0000000000044790                __register_printf_specifier
                0x0000000000044790                register_printf_specifier
                0x000000000004484e                __register_printf_function
                0x000000000004484e                register_printf_function
 .text          0x0000000000044850     0x107c /usr/lib/gcc-cross/riscv64-linux-gnu/12/../../../../riscv64-linux-gnu/lib/libc.a(printf_fphex.o)
                0x0000000000044850                __printf_fphex
 .text          0x00000000000458cc      0x242 /usr/lib/gcc-cross/riscv64-linux-gnu/12/../../../../riscv64-linux-gnu/lib/libc.a(reg-modifier.o)
                0x00000000000458cc                __register_printf_modifier
                0x00000000000458cc                register_printf_modifier
                0x00000000000459f2                __handle_registered_modifier_mb
                0x0000000000045a80                __handle_registered_modifier_wc
 .text          0x0000000000045b0e       0xc8 /usr/lib/gcc-cross/riscv64-linux-gnu/12/../../../../riscv64-linux-gnu/lib/libc.a(reg-type.o)
                0x0000000000045b0e                __register_printf_type
                0x0000000000045b0e                register_printf_type
 .text          0x0000000000045bd6       0x42 /usr/lib/gcc-cross/riscv64-linux-gnu/12/../../../../riscv64-linux-gnu/lib/libc.a(snprintf.o)
                0x0000000000045bd6                snprintf
                0x0000000000045bd6                __snprintf
 .text          0x0000000000045c18       0x28 /usr/lib/gcc-cross/riscv64-linux-gnu/12/../../../../riscv64-linux-gnu/lib/libc.a(funlockfile.o)
                0x0000000000045c18                _IO_funlockfile
                0x0000000000045c18                funlockfile
                0x0000000000045c18                __funlockfile
 .text          0x0000000000045c40       0xfc /usr/lib/gcc-cross/riscv64-linux-gnu/12/../../../../riscv64-linux-gnu/lib/libc.a(vsnprintf.o)
                0x0000000000045c8c                __vsnprintf_internal
                0x0000000000045d38                vsnprintf
                0x0000000000045d38                ___vsnprintf
                0x0000000000045d38                __vsnprintf
 .text          0x0000000000045d3c       0x20 /usr/lib/gcc-cross/riscv64-linux-gnu/12/../../../../riscv64-linux-gnu/lib/libc.a(cleanup_compat.o)
                0x0000000000045d3c                __pthread_cleanup_push
                0x0000000000045d3c                _pthread_cleanup_push
                0x0000000000045d4c                __pthread_cleanup_pop
                0x0000000000045d4c                _pthread_cleanup_pop
 .text          0x0000000000045d5c      0x20c /usr/lib/gcc-cross/riscv64-linux-gnu/12/../../../../riscv64-linux-gnu/lib/libc.a(nptl-stack.o)
                0x0000000000045d5c                __nptl_stack_list_del
                0x0000000000045d7c                __nptl_stack_list_add
                0x0000000000045da6                __nptl_free_stacks
                0x0000000000045e48                __nptl_deallocate_stack
                0x0000000000045f36                __pthread_get_minstack
 .text          0x0000000000045f68      0x136 /usr/lib/gcc-cross/riscv64-linux-gnu/12/../../../../riscv64-linux-gnu/lib/libc.a(strspn.o)
                0x0000000000045f68                strspn
 .text          0x000000000004609e       0x42 /usr/lib/gcc-cross/riscv64-linux-gnu/12/../../../../riscv64-linux-gnu/lib/libc.a(strsep.o)
                0x000000000004609e                __strsep
                0x000000000004609e                strsep
                0x000000000004609e                __strsep_g
 .text          0x00000000000460e0       0x72 /usr/lib/gcc-cross/riscv64-linux-gnu/12/../../../../riscv64-linux-gnu/lib/libc.a(wmemchr.o)
                0x00000000000460e0                wmemchr
                0x00000000000460e0                __wmemchr
 .text          0x0000000000046152       0x46 /usr/lib/gcc-cross/riscv64-linux-gnu/12/../../../../riscv64-linux-gnu/lib/libc.a(wmemset.o)
                0x0000000000046152                wmemset
                0x0000000000046152                __wmemset
 .text          0x0000000000046198        0xe /usr/lib/gcc-cross/riscv64-linux-gnu/12/../../../../riscv64-linux-gnu/lib/libc.a(stat64.o)
                0x0000000000046198                stat64
                0x0000000000046198                __stat
                0x0000000000046198                __stat64
                0x0000000000046198                stat